<!doctype html public "-//w3c//dtd html 4.0 transitional//en">
<html><head>
<title>Static Call Graph - [.\Objects\simpleBlePeripheral.axf]</title></head>
<body><HR>
<H1>Static Call Graph for image .\Objects\simpleBlePeripheral.axf</H1><HR>
<BR><P>#&#060CALLGRAPH&#062# ARM Linker, 5060750: Last Updated: Thu Jan 27 17:02:10 2022
<BR><P>
<H3>Maximum Stack Usage =       1120 bytes + Unknown(Cycles, Untraceable Function Pointers)</H3><H3>
Call chain for Maximum Stack Depth:</H3>
SimpleBLEPeripheral_ProcessEvent &rArr; tuya_ble_main_tasks_exec &rArr; tuya_sched_execute &rArr; tuya_ble_event_process &rArr; tuya_ble_handle_ble_cmd_evt &rArr; tuya_ble_evt_process &rArr; tuya_ble_app_production_test_process &rArr; tuya_ble_app_sdk_test_process &rArr; tuya_ble_storage_write_auth_key_device_id_mac &rArr; tuya_ble_adv_change &rArr; tuya_ble_device_id_encrypt_v4 &rArr; tuya_ble_aes128_cbc_encrypt &rArr; mbedtls_aes_crypt_cbc &rArr; mbedtls_aes_crypt_ecb &rArr; mbedtls_internal_aes_encrypt
<P>
<H3>
Mutually Recursive functions
</H3> <LI><a href="#[115]">elog_output</a>&nbsp;&nbsp;&nbsp;&rArr;&nbsp;&nbsp;&nbsp;<a href="#[115]">elog_output</a><BR>
 <LI><a href="#[13a]">elog_strcpy</a>&nbsp;&nbsp;&nbsp;&rArr;&nbsp;&nbsp;&nbsp;<a href="#[115]">elog_output</a><BR>
 <LI><a href="#[2bf]">get_fmt_enabled</a>&nbsp;&nbsp;&nbsp;&rArr;&nbsp;&nbsp;&nbsp;<a href="#[115]">elog_output</a><BR>
</UL>
<P>
<H3>
Function Pointers
</H3><UL>
 <LI><a href="#[37]">ATT_BuildErrorRsp</a> from att_util.o(i.ATT_BuildErrorRsp) referenced from att_server.o(i.ATT_ErrorRsp)
 <LI><a href="#[38]">ATT_BuildExchangeMTURsp</a> from att_util.o(i.ATT_BuildExchangeMTURsp) referenced from att_server.o(i.ATT_ExchangeMTURsp)
 <LI><a href="#[39]">ATT_BuildFindByTypeValueRsp</a> from att_util.o(i.ATT_BuildFindByTypeValueRsp) referenced from att_server.o(i.ATT_FindByTypeValueRsp)
 <LI><a href="#[3a]">ATT_BuildFindInfoRsp</a> from att_util.o(i.ATT_BuildFindInfoRsp) referenced from att_server.o(i.ATT_FindInfoRsp)
 <LI><a href="#[3b]">ATT_BuildHandleValueInd</a> from att_util.o(i.ATT_BuildHandleValueInd) referenced from att_server.o(i.ATT_HandleValueNoti)
 <LI><a href="#[3c]">ATT_BuildPrepareWriteRsp</a> from att_util.o(i.ATT_BuildPrepareWriteRsp) referenced from att_server.o(i.ATT_PrepareWriteRsp)
 <LI><a href="#[3d]">ATT_BuildReadBlobRsp</a> from att_util.o(i.ATT_BuildReadBlobRsp) referenced from att_server.o(i.ATT_ReadBlobRsp)
 <LI><a href="#[3e]">ATT_BuildReadByGrpTypeRsp</a> from att_util.o(i.ATT_BuildReadByGrpTypeRsp) referenced from att_server.o(i.ATT_ReadByGrpTypeRsp)
 <LI><a href="#[3f]">ATT_BuildReadByTypeRsp</a> from att_util.o(i.ATT_BuildReadByTypeRsp) referenced from att_server.o(i.ATT_ReadByTypeRsp)
 <LI><a href="#[40]">ATT_BuildReadMultiRsp</a> from att_util.o(i.ATT_BuildReadMultiRsp) referenced from att_server.o(i.ATT_ReadMultiRsp)
 <LI><a href="#[41]">ATT_BuildReadRsp</a> from att_util.o(i.ATT_BuildReadRsp) referenced from att_server.o(i.ATT_ReadRsp)
 <LI><a href="#[83]">ATT_ParseExchangeMTUReq</a> from att_util.o(i.ATT_ParseExchangeMTUReq) referenced from gatt_server.o(.constdata)
 <LI><a href="#[94]">ATT_ParseExecuteWriteReq</a> from att_util.o(i.ATT_ParseExecuteWriteReq) referenced from gatt_server.o(.constdata)
 <LI><a href="#[87]">ATT_ParseFindByTypeValueReq</a> from att_util.o(i.ATT_ParseFindByTypeValueReq) referenced from gatt_server.o(.constdata)
 <LI><a href="#[85]">ATT_ParseFindInfoReq</a> from att_util.o(i.ATT_ParseFindInfoReq) referenced from gatt_server.o(.constdata)
 <LI><a href="#[93]">ATT_ParsePrepareWriteReq</a> from att_util.o(i.ATT_ParsePrepareWriteReq) referenced from gatt_server.o(.constdata)
 <LI><a href="#[8d]">ATT_ParseReadBlobReq</a> from att_util.o(i.ATT_ParseReadBlobReq) referenced from gatt_server.o(.constdata)
 <LI><a href="#[89]">ATT_ParseReadByTypeReq</a> from att_util.o(i.ATT_ParseReadByTypeReq) referenced 2 times from gatt_server.o(.constdata)
 <LI><a href="#[8e]">ATT_ParseReadMultiReq</a> from att_util.o(i.ATT_ParseReadMultiReq) referenced from gatt_server.o(.constdata)
 <LI><a href="#[8b]">ATT_ParseReadReq</a> from att_util.o(i.ATT_ParseReadReq) referenced from gatt_server.o(.constdata)
 <LI><a href="#[91]">ATT_ParseWriteReq</a> from att_util.o(i.ATT_ParseWriteReq) referenced from gatt_server.o(.constdata)
 <LI><a href="#[1e]">DTM_UART_IRQHandler</a> from rf_phy_driver.o(i.DTM_UART_IRQHandler) referenced from rf_phy_driver.o(i.rf_phy_direct_test)
 <LI><a href="#[7f]">GAPRole_ProcessEvent</a> from peripheral.o(i.GAPRole_ProcessEvent) referenced from osal_simplebleperipheral.o(.constdata)
 <LI><a href="#[7d]">GAP_ProcessEvent</a> from gap_task.o(i.GAP_ProcessEvent) referenced from osal_simplebleperipheral.o(.constdata)
 <LI><a href="#[80]">GATTServApp_ProcessEvent</a> from gattservapp.o(i.GATTServApp_ProcessEvent) referenced from osal_simplebleperipheral.o(.constdata)
 <LI><a href="#[7e]">GATT_ProcessEvent</a> from gatt_task.o(i.GATT_ProcessEvent) referenced from osal_simplebleperipheral.o(.constdata)
 <LI><a href="#[79]">HCI_ProcessEvent</a> from bb_rom_sym_m0.txt(ABSOLUTE) referenced from osal_simplebleperipheral.o(.constdata)
 <LI><a href="#[45]">L2CAP_BuildCmdReject</a> from l2cap_util.o(i.L2CAP_BuildCmdReject) referenced from l2cap_if.o(i.L2CAP_CmdReject)
 <LI><a href="#[7b]">L2CAP_ProcessEvent</a> from l2cap_task.o(i.L2CAP_ProcessEvent) referenced from osal_simplebleperipheral.o(.constdata)
 <LI><a href="#[2a]">LL_ENC_AES128_Encrypt1</a> from patch.o(i.LL_ENC_AES128_Encrypt1) referenced from patch.o(_section_xip_code_)
 <LI><a href="#[2c]">LL_ENC_Decrypt1</a> from patch.o(i.LL_ENC_Decrypt1) referenced from patch.o(_section_xip_code_)
 <LI><a href="#[2b]">LL_ENC_Encrypt1</a> from patch.o(i.LL_ENC_Encrypt1) referenced from patch.o(_section_xip_code_)
 <LI><a href="#[27]">LL_IRQHandler1</a> from patch.o(i.LL_IRQHandler1) referenced from patch.o(_section_xip_code_)
 <LI><a href="#[78]">LL_ProcessEvent</a> from bb_rom_sym_m0.txt(ABSOLUTE) referenced from osal_simplebleperipheral.o(.constdata)
 <LI><a href="#[18]">LL_SetAdvControl1</a> from patch.o(i.LL_SetAdvControl1) referenced from patch.o(i.ll_patch_slave)
 <LI><a href="#[15]">LL_SetAdvParam1</a> from patch.o(i.LL_SetAdvParam1) referenced from patch.o(i.ll_patch_slave)
 <LI><a href="#[31]">LL_SetDataLengh1</a> from patch.o(i.LL_SetDataLengh1) referenced from patch.o(_section_xip_code_)
 <LI><a href="#[36]">LL_set_default_conn_params1</a> from patch.o(i.LL_set_default_conn_params1) referenced from patch.o(_section_xip_code_)
 <LI><a href="#[b]">Reset_Handler</a> from startup_armcm0.o(.text) referenced from startup_armcm0.o(RESET)
 <LI><a href="#[7c]">SM_ProcessEvent</a> from sm_task.o(i.SM_ProcessEvent) referenced from osal_simplebleperipheral.o(.constdata)
 <LI><a href="#[81]">SimpleBLEPeripheral_ProcessEvent</a> from simplebleperipheral.o(i.SimpleBLEPeripheral_ProcessEvent) referenced from osal_simplebleperipheral.o(.constdata)
 <LI><a href="#[e]">SystemInit</a> from system_armcm0.o(i.SystemInit) referenced from startup_armcm0.o(.text)
 <LI><a href="#[6c]">__gesture_daq_end_cb</a> from tuya_gesture_controller.o(i.__gesture_daq_end_cb) referenced from tuya_gesture_controller.o(i.tuya_gesture_controller_init)
 <LI><a href="#[6e]">__key_timer_cb</a> from tuya_key.o(i.__key_timer_cb) referenced from tuya_key.o(i.tuya_reg_key)
 <LI><a href="#[6a]">__led_timer_cb</a> from tuya_led.o(i.__led_timer_cb) referenced from tuya_led.o(i.tuya_create_led_handle)
 <LI><a href="#[f]">__main</a> from entry.o(.ARM.Collect$$$$00000000) referenced from startup_armcm0.o(.text)
 <LI><a href="#[12]">__net_key_cb</a> from tuya_net_proc.o(i.__net_key_cb) referenced from tuya_net_proc.o(i.__net_key_init)
 <LI><a href="#[6d]">__new_data_ready_cb</a> from tuya_imu_daq.o(i.__new_data_ready_cb) referenced from tuya_imu_daq.o(i.tuya_imu_daq_init)
 <LI><a href="#[1f]">__wait_bind_timer_cb</a> from tuya_net_proc.o(i.__wait_bind_timer_cb) referenced from tuya_net_proc.o(i.tuya_net_proc_init)
 <LI><a href="#[d]">_hard_fault</a> from jump_table.o(i._hard_fault) referenced from jump_table.o(.emb_text)
 <LI><a href="#[10]">_snputc</a> from printfa.o(i._snputc) referenced from printfa.o(i.__0snprintf)
 <LI><a href="#[10]">_snputc</a> from printfa.o(i._snputc) referenced from printfa.o(i.__0vsnprintf)
 <LI><a href="#[11]">_sputc</a> from printfa.o(i._sputc) referenced from printfa.o(i.__0sprintf)
 <LI><a href="#[48]">_uart_putc</a> from my_printf.o(i._uart_putc) referenced from my_printf.o(i.dbg_printf)
 <LI><a href="#[6f]">adc_evt</a> from ty_adc_phy62xx.o(i.adc_evt) referenced from ty_adc_phy62xx.o(i.ty_adc_start)
 <LI><a href="#[49]">adc_wakeup_hdl</a> from adc.o(i.adc_wakeup_hdl) referenced from adc.o(i.hal_adc_init)
 <LI><a href="#[2d]">config_RTC1</a> from patch.o(i.config_RTC1) referenced from patch.o(_section_xip_code_)
 <LI><a href="#[1]">cpt_key_state_handler</a> from ty_pin_phy62xx.o(i.cpt_key_state_handler) referenced 2 times from ty_pin_phy62xx.o(.data)
 <LI><a href="#[5]">gapPeriProcessHCICmdCompleteEvt</a> from gap_peridevmgr.o(i.gapPeriProcessHCICmdCompleteEvt) referenced 2 times from gap_peridevmgr.o(.data)
 <LI><a href="#[6]">gapProcessAdvertisingEvt</a> from gap_peridevmgr.o(i.gapProcessAdvertisingEvt) referenced 2 times from gap_peridevmgr.o(.data)
 <LI><a href="#[7]">gapSetAdvParams</a> from gap_peridevmgr.o(i.gapSetAdvParams) referenced 2 times from gap_peridevmgr.o(.data)
 <LI><a href="#[84]">gattProcessExchangeMTUReq</a> from gatt_server.o(i.gattProcessExchangeMTUReq) referenced from gatt_server.o(.constdata)
 <LI><a href="#[95]">gattProcessExecuteWriteReq</a> from gatt_server.o(i.gattProcessExecuteWriteReq) referenced from gatt_server.o(.constdata)
 <LI><a href="#[88]">gattProcessFindByTypeValueReq</a> from gatt_server.o(i.gattProcessFindByTypeValueReq) referenced from gatt_server.o(.constdata)
 <LI><a href="#[86]">gattProcessFindInfoReq</a> from gatt_server.o(i.gattProcessFindInfoReq) referenced from gatt_server.o(.constdata)
 <LI><a href="#[90]">gattProcessReadByGrpTypeReq</a> from gatt_server.o(i.gattProcessReadByGrpTypeReq) referenced from gatt_server.o(.constdata)
 <LI><a href="#[8a]">gattProcessReadByTypeReq</a> from gatt_server.o(i.gattProcessReadByTypeReq) referenced from gatt_server.o(.constdata)
 <LI><a href="#[8f]">gattProcessReadMultiReq</a> from gatt_server.o(i.gattProcessReadMultiReq) referenced from gatt_server.o(.constdata)
 <LI><a href="#[8c]">gattProcessReadReq</a> from gatt_server.o(i.gattProcessReadReq) referenced 2 times from gatt_server.o(.constdata)
 <LI><a href="#[92]">gattProcessWriteReq</a> from gatt_server.o(i.gattProcessWriteReq) referenced 2 times from gatt_server.o(.constdata)
 <LI><a href="#[42]">gattServApp_HandleConnStatusCB</a> from gattservapp.o(i.gattServApp_HandleConnStatusCB) referenced from gattservapp.o(i.GATTServApp_Init)
 <LI><a href="#[75]">gattServApp_WriteAttrCB</a> from gattservapp.o(i.gattServApp_WriteAttrCB) referenced from gattservapp.o(.constdata)
 <LI><a href="#[44]">gattServerHandleConnStatusCB</a> from gatt_server.o(i.gattServerHandleConnStatusCB) referenced from gatt_server.o(i.GATT_InitServer)
 <LI><a href="#[43]">gattServerProcessMsgCB</a> from gatt_server.o(i.gattServerProcessMsgCB) referenced from gatt_server.o(i.GATT_InitServer)
 <LI><a href="#[73]">ggs_ReadAttrCB</a> from gapgattserver.o(i.ggs_ReadAttrCB) referenced from gapgattserver.o(.constdata)
 <LI><a href="#[74]">ggs_WriteAttrCB</a> from gapgattserver.o(i.ggs_WriteAttrCB) referenced from gapgattserver.o(.constdata)
 <LI><a href="#[4a]">hal_ADC_IRQHandler</a> from adc.o(i.hal_ADC_IRQHandler) referenced from adc.o(i.hal_adc_start)
 <LI><a href="#[4d]">hal_GPIO_IRQHandler</a> from gpio.o(i.hal_GPIO_IRQHandler) referenced from gpio.o(i.hal_gpioin_register)
 <LI><a href="#[61]">hal_SPI0_IRQHandler</a> from spi.o(i.hal_SPI0_IRQHandler) referenced from spi.o(i.spi_int_enable)
 <LI><a href="#[62]">hal_SPI1_IRQHandler</a> from spi.o(i.hal_SPI1_IRQHandler) referenced from spi.o(i.spi_int_enable)
 <LI><a href="#[25]">hal_UART0_IRQHandler</a> from uart.o(_section_sram_code_) referenced from uart.o(i.uart_hw_init)
 <LI><a href="#[25]">hal_UART0_IRQHandler</a> from uart.o(_section_sram_code_) referenced from jump_table.o(jump_table_mem_area)
 <LI><a href="#[71]">hal_UART1_IRQHandler</a> from uart.o(_section_sram_code_) referenced from uart.o(i.uart_hw_init)
 <LI><a href="#[4c]">hal_gpio_sleep_handler</a> from gpio.o(i.hal_gpio_sleep_handler) referenced from gpio.o(i.hal_gpio_init)
 <LI><a href="#[4b]">hal_gpio_wakeup_handler</a> from gpio.o(i.hal_gpio_wakeup_handler) referenced from gpio.o(i.hal_gpio_init)
 <LI><a href="#[21]">hal_pwrmgr_sleep_process</a> from pwrmgr.o(i.hal_pwrmgr_sleep_process) referenced from jump_table.o(jump_table_mem_area)
 <LI><a href="#[22]">hal_pwrmgr_wakeup_process</a> from pwrmgr.o(i.hal_pwrmgr_wakeup_process) referenced from jump_table.o(jump_table_mem_area)
 <LI><a href="#[24]">hard_fault</a> from jump_table.o(.emb_text) referenced from jump_table.o(jump_table_mem_area)
 <LI><a href="#[14]">hw_spif_cache_config</a> from flash.o(i.hw_spif_cache_config) referenced from flash.o(i.hal_spif_cache_init)
 <LI><a href="#[46]">l2capBuildParamUpdateReq</a> from l2cap_util.o(i.l2capBuildParamUpdateReq) referenced from l2cap_if.o(i.L2CAP_ConnParamUpdateReq)
 <LI><a href="#[54]">l2capHandleTimerCB</a> from l2cap_util.o(i.l2capHandleTimerCB) referenced from l2cap_util.o(i.l2capSendReq)
 <LI><a href="#[30]">l2capPocessFragmentTxData</a> from l2cap_util.o(_section_sram_code_) referenced from patch.o(_section_xip_code_)
 <LI><a href="#[16]">llCalcMaxScanTime1</a> from patch.o(i.llCalcMaxScanTime1) referenced from patch.o(i.ll_patch_slave)
 <LI><a href="#[35]">llConnTerminate1</a> from patch.o(i.llConnTerminate1) referenced from patch.o(_section_xip_code_)
 <LI><a href="#[32]">llProcessTxData1</a> from patch.o(i.llProcessTxData1) referenced from patch.o(_section_xip_code_)
 <LI><a href="#[17]">llSecAdvAllow1</a> from patch.o(i.llSecAdvAllow1) referenced from patch.o(i.ll_patch_slave)
 <LI><a href="#[1b]">llSetupNextSlaveEvent1</a> from patch.o(i.llSetupNextSlaveEvent1) referenced from patch.o(i.ll_patch_slave)
 <LI><a href="#[19]">llSetupSecAdvEvt1</a> from patch.o(i.llSetupSecAdvEvt1) referenced from patch.o(i.ll_patch_slave)
 <LI><a href="#[34]">ll_adptive_adj_next_time1</a> from patch.o(i.ll_adptive_adj_next_time1) referenced from patch.o(_section_xip_code_)
 <LI><a href="#[33]">ll_generateTxBuffer1</a> from patch.o(i.ll_generateTxBuffer1) referenced from patch.o(_section_xip_code_)
 <LI><a href="#[26]">ll_hw_go1</a> from patch.o(i.ll_hw_go1) referenced from patch.o(_section_xip_code_)
 <LI><a href="#[1a]">ll_scheduler2</a> from patch.o(i.ll_scheduler2) referenced from patch.o(i.ll_patch_slave)
 <LI><a href="#[c]">main</a> from main.o(i.main) referenced from entry9a.o(.ARM.Collect$$$$0000000B)
 <LI><a href="#[0]">memset</a> from bb_rom_sym_m0.txt(ABSOLUTE) referenced 2 times from aes.o(.data)
 <LI><a href="#[20]">osalInitTasks</a> from osal_simplebleperipheral.o(i.osalInitTasks) referenced from jump_table.o(jump_table_mem_area)
 <LI><a href="#[7a]">osal_CbTimerProcessEvent</a> from bb_rom_sym_m0.txt(ABSOLUTE) referenced from osal_simplebleperipheral.o(.constdata)
 <LI><a href="#[13]">osal_idle_task</a> from pwrmgr.o(_section_sram_code_) referenced from pwrmgr.o(i.hal_pwrmgr_init)
 <LI><a href="#[2]">param_update_CB</a> from simplebleperipheral.o(i.param_update_CB) referenced 2 times from simplebleperipheral.o(.data)
 <LI><a href="#[3]">peripheralStateNotificationCB</a> from simplebleperipheral.o(i.peripheralStateNotificationCB) referenced 2 times from simplebleperipheral.o(.data)
 <LI><a href="#[4]">peripheralStateReadRssiCB</a> from simplebleperipheral.o(i.peripheralStateReadRssiCB) referenced 2 times from simplebleperipheral.o(.data)
 <LI><a href="#[82]">phy_timer_ProcessEvent</a> from simplebleperipheral.o(i.phy_timer_ProcessEvent) referenced from osal_simplebleperipheral.o(.constdata)
 <LI><a href="#[72]">phy_uart_evt_hdl</a> from ty_uart_phy62xx.o(_section_sram_code_) referenced from ty_uart_phy62xx.o(.constdata)
 <LI><a href="#[28]">rf_calibrate1</a> from rf_phy_driver.o(i.rf_calibrate1) referenced from patch.o(_section_xip_code_)
 <LI><a href="#[29]">rf_phy_change_cfg0</a> from rf_phy_driver.o(i.rf_phy_change_cfg0) referenced from patch.o(_section_xip_code_)
 <LI><a href="#[23]">rf_phy_ini</a> from rf_phy_driver.o(i.rf_phy_ini) referenced from jump_table.o(jump_table_mem_area)
 <LI><a href="#[47]">smLinkCheck</a> from sm_pairing.o(i.smLinkCheck) referenced from sm_task.o(i.SM_Init)
 <LI><a href="#[a]">smResponderProcessLTKReq</a> from sm_rsppairing.o(i.smResponderProcessLTKReq) referenced 2 times from sm_rsppairing.o(.data)
 <LI><a href="#[9]">smResponderSendNextKeyInfo</a> from sm_rsppairing.o(i.smResponderSendNextKeyInfo) referenced 2 times from sm_rsppairing.o(.data)
 <LI><a href="#[5e]">smState_timerCB</a> from sm_task.o(i.smState_timerCB) referenced from sm_rsppairing.o(i.smResponderSendNextKeyInfo)
 <LI><a href="#[60]">smTo_timerCB</a> from sm_task.o(i.smTo_timerCB) referenced from sm_mgr.o(i.smStartRspTimer)
 <LI><a href="#[59]">smpBuildEncInfo</a> from smp.o(i.smpBuildEncInfo) referenced from sm_pairing.o(i.smPairingSendEncInfo)
 <LI><a href="#[5a]">smpBuildIdentityAddrInfo</a> from smp.o(i.smpBuildIdentityAddrInfo) referenced from sm_pairing.o(i.smPairingSendIdentityAddrInfo)
 <LI><a href="#[5b]">smpBuildIdentityInfo</a> from smp.o(i.smpBuildIdentityInfo) referenced from sm_pairing.o(i.smPairingSendIdentityInfo)
 <LI><a href="#[5c]">smpBuildMasterID</a> from smp.o(i.smpBuildMasterID) referenced from sm_pairing.o(i.smPairingSendMasterID)
 <LI><a href="#[55]">smpBuildPairingConfirm</a> from smp.o(i.smpBuildPairingConfirm) referenced from sm_pairing.o(i.smGenerateConfirm)
 <LI><a href="#[5f]">smpBuildPairingFailed</a> from smp.o(i.smpBuildPairingFailed) referenced from sm_pairing.o(i.smSendFailAndEnd)
 <LI><a href="#[58]">smpBuildPairingRandom</a> from smp.o(i.smpBuildPairingRandom) referenced from sm_pairing.o(i.smGenerateRandMsg)
 <LI><a href="#[56]">smpBuildPairingReq</a> from smp.o(i.smpBuildPairingReq) referenced from sm_pairing.o(i.smGeneratePairingReqRsp)
 <LI><a href="#[57]">smpBuildPairingRsp</a> from smp.o(i.smpBuildPairingRsp) referenced from sm_pairing.o(i.smGeneratePairingReqRsp)
 <LI><a href="#[5d]">smpBuildSigningInfo</a> from smp.o(i.smpBuildSigningInfo) referenced from sm_pairing.o(i.smPairingSendSingingInfo)
 <LI><a href="#[8]">smpResponderProcessIncoming</a> from sm_rsppairing.o(i.smpResponderProcessIncoming) referenced 2 times from sm_rsppairing.o(.data)
 <LI><a href="#[4f]">spi0_sleep_handler</a> from spi.o(i.spi0_sleep_handler) referenced from spi.o(i.hal_spi_init)
 <LI><a href="#[4e]">spi0_wakeup_handler</a> from spi.o(i.spi0_wakeup_handler) referenced from spi.o(i.hal_spi_init)
 <LI><a href="#[51]">spi1_sleep_handler</a> from spi.o(i.spi1_sleep_handler) referenced from spi.o(i.hal_spi_init)
 <LI><a href="#[50]">spi1_wakeup_handler</a> from spi.o(i.spi1_wakeup_handler) referenced from spi.o(i.hal_spi_init)
 <LI><a href="#[65]">tuya_ble_disconnect_and_reset_timer_cb</a> from tuya_ble_sdk_demo.o(i.tuya_ble_disconnect_and_reset_timer_cb) referenced from tuya_ble_sdk_demo.o(i.tuya_ble_disconnect_and_reset_timer_init)
 <LI><a href="#[66]">tuya_ble_gatt_send_data_handle</a> from tuya_ble_gatt_send_queue.o(i.tuya_ble_gatt_send_data_handle) referenced from tuya_ble_gatt_send_queue.o(i.tuya_ble_gatt_send_data_handle)
 <LI><a href="#[67]">tuya_ble_sdk_callback</a> from tuya_ble_sdk_demo.o(i.tuya_ble_sdk_callback) referenced from tuya_ble_sdk_demo.o(i.tuya_ble_sdk_demo_init)
 <LI><a href="#[69]">tuya_ble_update_conn_param_timer_cb</a> from tuya_ble_sdk_demo.o(i.tuya_ble_update_conn_param_timer_cb) referenced from tuya_ble_sdk_demo.o(i.tuya_ble_update_conn_param_timer_init)
 <LI><a href="#[64]">tuya_ble_vtimer_conncet_monitor_callback</a> from tuya_ble_main.o(i.tuya_ble_vtimer_conncet_monitor_callback) referenced from tuya_ble_main.o(i.tuya_ble_connect_monitor_timer_init)
 <LI><a href="#[63]">tuya_ble_vtimer_prod_monitor_callback</a> from tuya_ble_app_production_test.o(i.tuya_ble_vtimer_prod_monitor_callback) referenced from tuya_ble_app_production_test.o(i.tuya_ble_auc_enter)
 <LI><a href="#[6b]">ty_conn_status_cb</a> from tuya_ble_service.o(i.ty_conn_status_cb) referenced from tuya_ble_service.o(i.tuya_gen_AddService)
 <LI><a href="#[70]">ty_pin_handler</a> from ty_pin_phy62xx.o(i.ty_pin_handler) referenced from ty_pin_phy62xx.o(i.ty_pin_init)
 <LI><a href="#[76]">ty_read_attr_cb</a> from tuya_ble_service.o(i.ty_read_attr_cb) referenced from tuya_ble_service.o(.constdata)
 <LI><a href="#[1d]">ty_sleep_handler</a> from main.o(i.ty_sleep_handler) referenced from main.o(i.main)
 <LI><a href="#[68]">ty_uart_virtual_enter_sleep_timer_cb</a> from tuya_ble_sdk_test.o(i.ty_uart_virtual_enter_sleep_timer_cb) referenced from tuya_ble_sdk_test.o(i.tuya_ble_sdk_test_init)
 <LI><a href="#[1c]">ty_wakeup_handler</a> from main.o(i.ty_wakeup_handler) referenced from main.o(i.main)
 <LI><a href="#[77]">ty_write_attr_cb</a> from tuya_ble_service.o(i.ty_write_attr_cb) referenced from tuya_ble_service.o(.constdata)
 <LI><a href="#[53]">uart_wakeup_process_0</a> from uart.o(i.uart_wakeup_process_0) referenced from uart.o(i.hal_uart_init)
 <LI><a href="#[52]">uart_wakeup_process_1</a> from uart.o(i.uart_wakeup_process_1) referenced from uart.o(i.hal_uart_init)
 <LI><a href="#[2f]">wakeupProcess1</a> from patch.o(i.wakeupProcess1) referenced from patch.o(_section_xip_code_)
 <LI><a href="#[2e]">wakeup_init1</a> from patch.o(i.wakeup_init1) referenced from patch.o(_section_xip_code_)
</UL>
<P>
<H3>
Global Symbols
</H3>
<P><STRONG><a name="[fb]"></a>__aeabi_uidivmod</STRONG> (Thumb, 0 bytes, Stack size 0 bytes, bb_rom_sym_m0.txt(ABSOLUTE))
<BR><BR>[Called By]<UL><LI><a href="#[3c7]">&gt;&gt;</a>&nbsp;&nbsp;&nbsp;ty_pwm_start (via Veneer)
<LI><a href="#[25b]">&gt;&gt;</a>&nbsp;&nbsp;&nbsp;ty_ble_set_conn_param (via Veneer)
<LI><a href="#[3c4]">&gt;&gt;</a>&nbsp;&nbsp;&nbsp;tuya_ble_utc_sec_2_mytime (via Veneer)
<LI><a href="#[29f]">&gt;&gt;</a>&nbsp;&nbsp;&nbsp;applib_dt_is_leap_year (via Veneer)
<LI><a href="#[29e]">&gt;&gt;</a>&nbsp;&nbsp;&nbsp;applib_dt_dayindex (via Veneer)
<LI><a href="#[43a]">&gt;&gt;</a>&nbsp;&nbsp;&nbsp;tuya_ble_queue_decrease (via Veneer)
<LI><a href="#[3f8]">&gt;&gt;</a>&nbsp;&nbsp;&nbsp;tuya_ble_enqueue (via Veneer)
<LI><a href="#[3ef]">&gt;&gt;</a>&nbsp;&nbsp;&nbsp;tuya_ble_dequeue (via Veneer)
<LI><a href="#[14f]">&gt;&gt;</a>&nbsp;&nbsp;&nbsp;hal_ms_intv (via Veneer)
<LI><a href="#[31f]">&gt;&gt;</a>&nbsp;&nbsp;&nbsp;uart_hw_init (via Veneer)
<LI><a href="#[fa]">&gt;&gt;</a>&nbsp;&nbsp;&nbsp;WaitMs (via Veneer)
<LI><a href="#[33e]">&gt;&gt;</a>&nbsp;&nbsp;&nbsp;number (via Veneer)
<LI><a href="#[2f1]">&gt;&gt;</a>&nbsp;&nbsp;&nbsp;gattServApp_ProcessReadByTypeReq (via Veneer)
<LI><a href="#[2f3]">&gt;&gt;</a>&nbsp;&nbsp;&nbsp;gattServApp_ProcessReadByGrpTypeReq (via Veneer)
<LI><a href="#[315]">&gt;&gt;</a>&nbsp;&nbsp;&nbsp;hal_spi_master_init (via Veneer)
<LI><a href="#[48f]">&gt;&gt;</a>&nbsp;&nbsp;&nbsp;tuya_mpu6050_init (via Veneer)
<LI><a href="#[2f]">&gt;&gt;</a>&nbsp;&nbsp;&nbsp;wakeupProcess1 (via Veneer)
<LI><a href="#[34]">&gt;&gt;</a>&nbsp;&nbsp;&nbsp;ll_adptive_adj_next_time1 (via Veneer)
<LI><a href="#[32b]">&gt;&gt;</a>&nbsp;&nbsp;&nbsp;l2capPktToSegmentBuff (via Veneer)
<LI><a href="#[fe]">&gt;&gt;</a>&nbsp;&nbsp;&nbsp;_printf_core (via Veneer)
</UL>

<P><STRONG><a name="[1aa]"></a>__aeabi_idivmod</STRONG> (Thumb, 0 bytes, Stack size 0 bytes, bb_rom_sym_m0.txt(ABSOLUTE))
<BR><BR>[Called By]<UL><LI><a href="#[3c4]">&gt;&gt;</a>&nbsp;&nbsp;&nbsp;tuya_ble_utc_sec_2_mytime (via Veneer)
<LI><a href="#[29e]">&gt;&gt;</a>&nbsp;&nbsp;&nbsp;applib_dt_dayindex (via Veneer)
<LI><a href="#[1a0]">&gt;&gt;</a>&nbsp;&nbsp;&nbsp;rf_phy_dtm_trigged (via Veneer)
</UL>

<P><STRONG><a name="[23a]"></a>__aeabi_memcpy</STRONG> (Thumb, 0 bytes, Stack size 0 bytes, bb_rom_sym_m0.txt(ABSOLUTE))
<BR><BR>[Called By]<UL><LI><a href="#[39a]">&gt;&gt;</a>&nbsp;&nbsp;&nbsp;tuya_ble_adv_change (via Veneer)
<LI><a href="#[2ae]">&gt;&gt;</a>&nbsp;&nbsp;&nbsp;data_2_klvlist (via Veneer)
<LI><a href="#[462]">&gt;&gt;</a>&nbsp;&nbsp;&nbsp;tuya_ble_ota_response (via Veneer)
<LI><a href="#[436]">&gt;&gt;</a>&nbsp;&nbsp;&nbsp;tuya_ble_gatt_receive_data (via Veneer)
<LI><a href="#[c2]">&gt;&gt;</a>&nbsp;&nbsp;&nbsp;tuya_ble_common_uart_receive_data (via Veneer)
<LI><a href="#[3e6]">&gt;&gt;</a>&nbsp;&nbsp;&nbsp;tuya_ble_common_uart_data_unpack (via Veneer)
<LI><a href="#[3ed]">&gt;&gt;</a>&nbsp;&nbsp;&nbsp;tuya_ble_product_test_rsp (via Veneer)
<LI><a href="#[3d9]">&gt;&gt;</a>&nbsp;&nbsp;&nbsp;tuya_ble_bulk_data_response (via Veneer)
<LI><a href="#[3b9]">&gt;&gt;</a>&nbsp;&nbsp;&nbsp;tuya_ble_storage_write_auth_key_device_id_mac (via Veneer)
<LI><a href="#[3c6]">&gt;&gt;</a>&nbsp;&nbsp;&nbsp;tuya_ble_rand_generator (via Veneer)
<LI><a href="#[463]">&gt;&gt;</a>&nbsp;&nbsp;&nbsp;tuya_ble_production_test_asynchronous_response (via Veneer)
<LI><a href="#[3c5]">&gt;&gt;</a>&nbsp;&nbsp;&nbsp;tuya_ble_feature_weather_data_request_with_location (via Veneer)
<LI><a href="#[3bf]">&gt;&gt;</a>&nbsp;&nbsp;&nbsp;tuya_ble_dp_data_with_time_send (via Veneer)
<LI><a href="#[3b7]">&gt;&gt;</a>&nbsp;&nbsp;&nbsp;tuya_ble_device_update_product_id (via Veneer)
<LI><a href="#[3bd]">&gt;&gt;</a>&nbsp;&nbsp;&nbsp;tuya_ble_data_passthrough (via Veneer)
<LI><a href="#[3c0]">&gt;&gt;</a>&nbsp;&nbsp;&nbsp;tuya_ble_bulk_data_generation (via Veneer)
<LI><a href="#[357]">&gt;&gt;</a>&nbsp;&nbsp;&nbsp;tuya_ble_sdk_test_init (via Veneer)
<LI><a href="#[3a8]">&gt;&gt;</a>&nbsp;&nbsp;&nbsp;tuya_ble_app_sdk_test_process (via Veneer)
<LI><a href="#[3cc]">&gt;&gt;</a>&nbsp;&nbsp;&nbsp;tuya_ble_sdk_test_send (via Veneer)
<LI><a href="#[46b]">&gt;&gt;</a>&nbsp;&nbsp;&nbsp;tuya_ble_sdk_init (via Veneer)
<LI><a href="#[11b]">&gt;&gt;</a>&nbsp;&nbsp;&nbsp;tuya_ble_dp_data_send (via Veneer)
<LI><a href="#[356]">&gt;&gt;</a>&nbsp;&nbsp;&nbsp;tuya_ble_sdk_demo_init (via Veneer)
<LI><a href="#[42a]">&gt;&gt;</a>&nbsp;&nbsp;&nbsp;tuya_ble_handle_unix_time_with_dst_date_resp (via Veneer)
<LI><a href="#[427]">&gt;&gt;</a>&nbsp;&nbsp;&nbsp;tuya_ble_handle_unix_time_char_ms_resp (via Veneer)
<LI><a href="#[422]">&gt;&gt;</a>&nbsp;&nbsp;&nbsp;tuya_ble_handle_pair_req (via Veneer)
<LI><a href="#[426]">&gt;&gt;</a>&nbsp;&nbsp;&nbsp;tuya_ble_handle_ota_req (via Veneer)
<LI><a href="#[423]">&gt;&gt;</a>&nbsp;&nbsp;&nbsp;tuya_ble_handle_net_config_info_req (via Veneer)
<LI><a href="#[420]">&gt;&gt;</a>&nbsp;&nbsp;&nbsp;tuya_ble_handle_dp_query_req (via Veneer)
<LI><a href="#[41b]">&gt;&gt;</a>&nbsp;&nbsp;&nbsp;tuya_ble_handle_dp_data_write_req (via Veneer)
<LI><a href="#[421]">&gt;&gt;</a>&nbsp;&nbsp;&nbsp;tuya_ble_handle_dev_info_req (via Veneer)
<LI><a href="#[424]">&gt;&gt;</a>&nbsp;&nbsp;&nbsp;tuya_ble_handle_ble_passthrough_data_req (via Veneer)
<LI><a href="#[2a4]">&gt;&gt;</a>&nbsp;&nbsp;&nbsp;ble_data_unpack (via Veneer)
<LI><a href="#[3df]">&gt;&gt;</a>&nbsp;&nbsp;&nbsp;tuya_ble_commData_send (via Veneer)
<LI><a href="#[401]">&gt;&gt;</a>&nbsp;&nbsp;&nbsp;tuya_ble_handle_bulk_data_evt (via Veneer)
<LI><a href="#[3d7]">&gt;&gt;</a>&nbsp;&nbsp;&nbsp;tuya_ble_storage_write_hid (via Veneer)
<LI><a href="#[480]">&gt;&gt;</a>&nbsp;&nbsp;&nbsp;tuya_ble_storage_load_settings (via Veneer)
<LI><a href="#[43b]">&gt;&gt;</a>&nbsp;&nbsp;&nbsp;tuya_ble_queue_get (via Veneer)
<LI><a href="#[3f8]">&gt;&gt;</a>&nbsp;&nbsp;&nbsp;tuya_ble_enqueue (via Veneer)
<LI><a href="#[3ef]">&gt;&gt;</a>&nbsp;&nbsp;&nbsp;tuya_ble_dequeue (via Veneer)
<LI><a href="#[451]">&gt;&gt;</a>&nbsp;&nbsp;&nbsp;tuya_ble_sched_event_put (via Veneer)
<LI><a href="#[44f]">&gt;&gt;</a>&nbsp;&nbsp;&nbsp;tuya_sched_execute (via Veneer)
<LI><a href="#[39e]">&gt;&gt;</a>&nbsp;&nbsp;&nbsp;tuya_ble_gap_advertising_scan_rsp_data_update (via Veneer)
<LI><a href="#[39d]">&gt;&gt;</a>&nbsp;&nbsp;&nbsp;tuya_ble_gap_advertising_adv_data_update (via Veneer)
<LI><a href="#[39f]">&gt;&gt;</a>&nbsp;&nbsp;&nbsp;tuya_ble_adv_change_with_connecting_request (via Veneer)
<LI><a href="#[486]">&gt;&gt;</a>&nbsp;&nbsp;&nbsp;tuya_ble_uart_common_mcu_ota_data_from_uart_handler (via Veneer)
<LI><a href="#[3af]">&gt;&gt;</a>&nbsp;&nbsp;&nbsp;tuya_ble_uart_prod_send (via Veneer)
<LI><a href="#[3b2]">&gt;&gt;</a>&nbsp;&nbsp;&nbsp;tuya_ble_auc_write_hid (via Veneer)
<LI><a href="#[3ad]">&gt;&gt;</a>&nbsp;&nbsp;&nbsp;tuya_ble_auc_write_auth_info (via Veneer)
<LI><a href="#[3a7]">&gt;&gt;</a>&nbsp;&nbsp;&nbsp;tuya_ble_auc_read_mac (via Veneer)
<LI><a href="#[3ae]">&gt;&gt;</a>&nbsp;&nbsp;&nbsp;tuya_ble_auc_query_info (via Veneer)
<LI><a href="#[3ab]">&gt;&gt;</a>&nbsp;&nbsp;&nbsp;tuya_ble_auc_query_hid (via Veneer)
<LI><a href="#[44c]">&gt;&gt;</a>&nbsp;&nbsp;&nbsp;weather_data_lktlv_parse (via Veneer)
<LI><a href="#[407]">&gt;&gt;</a>&nbsp;&nbsp;&nbsp;tuya_ble_handle_dp_data_with_time_string_reported_evt (via Veneer)
<LI><a href="#[405]">&gt;&gt;</a>&nbsp;&nbsp;&nbsp;tuya_ble_handle_dp_data_with_time_reported_evt (via Veneer)
<LI><a href="#[408]">&gt;&gt;</a>&nbsp;&nbsp;&nbsp;tuya_ble_handle_dp_data_with_flag_and_time_string_reported_evt (via Veneer)
<LI><a href="#[406]">&gt;&gt;</a>&nbsp;&nbsp;&nbsp;tuya_ble_handle_dp_data_with_flag_and_time_reported_evt (via Veneer)
<LI><a href="#[3fc]">&gt;&gt;</a>&nbsp;&nbsp;&nbsp;tuya_ble_handle_device_info_update_evt (via Veneer)
<LI><a href="#[449]">&gt;&gt;</a>&nbsp;&nbsp;&nbsp;tuya_ble_uart_common_mcu_ota_data_from_ble_handler (via Veneer)
<LI><a href="#[3e2]">&gt;&gt;</a>&nbsp;&nbsp;&nbsp;tuya_ble_gatt_send_data_enqueue (via Veneer)
<LI><a href="#[3e1]">&gt;&gt;</a>&nbsp;&nbsp;&nbsp;tuya_ble_encryption (via Veneer)
<LI><a href="#[3e4]">&gt;&gt;</a>&nbsp;&nbsp;&nbsp;tuya_ble_decryption (via Veneer)
<LI><a href="#[397]">&gt;&gt;</a>&nbsp;&nbsp;&nbsp;trsmitr_send_pkg_encode_with_packet_length (via Veneer)
<LI><a href="#[2a5]">&gt;&gt;</a>&nbsp;&nbsp;&nbsp;trsmitr_recv_pkg_decode (via Veneer)
<LI><a href="#[3e3]">&gt;&gt;</a>&nbsp;&nbsp;&nbsp;tuya_ble_commonData_rx_proc (via Veneer)
<LI><a href="#[34f]">&gt;&gt;</a>&nbsp;&nbsp;&nbsp;mbedtls_md5_update_ret (via Veneer)
<LI><a href="#[33f]">&gt;&gt;</a>&nbsp;&nbsp;&nbsp;mbedtls_aes_crypt_cbc (via Veneer)
<LI><a href="#[319]">&gt;&gt;</a>&nbsp;&nbsp;&nbsp;hal_spi_transmit (via Veneer)
<LI><a href="#[239]">&gt;&gt;</a>&nbsp;&nbsp;&nbsp;GGS_SetParameter (via Veneer)
<LI><a href="#[433]">&gt;&gt;</a>&nbsp;&nbsp;&nbsp;ty_ble_set_mac (via Veneer)
<LI><a href="#[432]">&gt;&gt;</a>&nbsp;&nbsp;&nbsp;ty_ble_get_mac (via Veneer)
<LI><a href="#[320]">&gt;&gt;</a>&nbsp;&nbsp;&nbsp;txmit_buf_use_tx_buf (via Veneer)
<LI><a href="#[45d]">&gt;&gt;</a>&nbsp;&nbsp;&nbsp;tuya_ble_ota_file_offset_handler (via Veneer)
<LI><a href="#[45c]">&gt;&gt;</a>&nbsp;&nbsp;&nbsp;tuya_ble_ota_file_info_handler (via Veneer)
<LI><a href="#[454]">&gt;&gt;</a>&nbsp;&nbsp;&nbsp;ty_flash_write (via Veneer)
<LI><a href="#[3ee]">&gt;&gt;</a>&nbsp;&nbsp;&nbsp;tuya_ble_key_generate (via Veneer)
<LI><a href="#[440]">&gt;&gt;</a>&nbsp;&nbsp;&nbsp;tuya_ble_generate_key1 (via Veneer)
<LI><a href="#[3f1]">&gt;&gt;</a>&nbsp;&nbsp;&nbsp;tuya_ble_device_id_key_generate (via Veneer)
<LI><a href="#[399]">&gt;&gt;</a>&nbsp;&nbsp;&nbsp;tuya_ble_Add_Pkcs (via Veneer)
</UL>

<P><STRONG><a name="[152]"></a>__aeabi_memcpy4</STRONG> (Thumb, 0 bytes, Stack size 0 bytes, bb_rom_sym_m0.txt(ABSOLUTE))
<BR><BR>[Called By]<UL><LI><a href="#[3d9]">&gt;&gt;</a>&nbsp;&nbsp;&nbsp;tuya_ble_bulk_data_response (via Veneer)
<LI><a href="#[3a8]">&gt;&gt;</a>&nbsp;&nbsp;&nbsp;tuya_ble_app_sdk_test_process (via Veneer)
<LI><a href="#[356]">&gt;&gt;</a>&nbsp;&nbsp;&nbsp;tuya_ble_sdk_demo_init (via Veneer)
<LI><a href="#[480]">&gt;&gt;</a>&nbsp;&nbsp;&nbsp;tuya_ble_storage_load_settings (via Veneer)
<LI><a href="#[3ab]">&gt;&gt;</a>&nbsp;&nbsp;&nbsp;tuya_ble_auc_query_hid (via Veneer)
<LI><a href="#[313]">&gt;&gt;</a>&nbsp;&nbsp;&nbsp;hal_spi_bus_init (via Veneer)
<LI><a href="#[166]">&gt;&gt;</a>&nbsp;&nbsp;&nbsp;hal_pwrmgr_unregister (via Veneer)
<LI><a href="#[151]">&gt;&gt;</a>&nbsp;&nbsp;&nbsp;hal_low_power_io_init (via Veneer)
</UL>

<P><STRONG><a name="[2c0]"></a>__aeabi_memset</STRONG> (Thumb, 0 bytes, Stack size 0 bytes, bb_rom_sym_m0.txt(ABSOLUTE))
<BR><BR>[Called By]<UL><LI><a href="#[115]">&gt;&gt;</a>&nbsp;&nbsp;&nbsp;elog_output (via Veneer)
</UL>

<P><STRONG><a name="[2a7]"></a>__aeabi_memclr</STRONG> (Thumb, 0 bytes, Stack size 0 bytes, bb_rom_sym_m0.txt(ABSOLUTE))
<BR><BR>[Called By]<UL><LI><a href="#[39a]">&gt;&gt;</a>&nbsp;&nbsp;&nbsp;tuya_ble_adv_change (via Veneer)
<LI><a href="#[c2]">&gt;&gt;</a>&nbsp;&nbsp;&nbsp;tuya_ble_common_uart_receive_data (via Veneer)
<LI><a href="#[3e6]">&gt;&gt;</a>&nbsp;&nbsp;&nbsp;tuya_ble_common_uart_data_unpack (via Veneer)
<LI><a href="#[3b9]">&gt;&gt;</a>&nbsp;&nbsp;&nbsp;tuya_ble_storage_write_auth_key_device_id_mac (via Veneer)
<LI><a href="#[1bc]">&gt;&gt;</a>&nbsp;&nbsp;&nbsp;tuya_ble_malloc (via Veneer)
<LI><a href="#[423]">&gt;&gt;</a>&nbsp;&nbsp;&nbsp;tuya_ble_handle_net_config_info_req (via Veneer)
<LI><a href="#[2a4]">&gt;&gt;</a>&nbsp;&nbsp;&nbsp;ble_data_unpack (via Veneer)
<LI><a href="#[3df]">&gt;&gt;</a>&nbsp;&nbsp;&nbsp;tuya_ble_commData_send (via Veneer)
<LI><a href="#[39f]">&gt;&gt;</a>&nbsp;&nbsp;&nbsp;tuya_ble_adv_change_with_connecting_request (via Veneer)
<LI><a href="#[486]">&gt;&gt;</a>&nbsp;&nbsp;&nbsp;tuya_ble_uart_common_mcu_ota_data_from_uart_handler (via Veneer)
<LI><a href="#[3ae]">&gt;&gt;</a>&nbsp;&nbsp;&nbsp;tuya_ble_auc_query_info (via Veneer)
<LI><a href="#[3b1]">&gt;&gt;</a>&nbsp;&nbsp;&nbsp;tuya_ble_auc_query_fingerprint (via Veneer)
<LI><a href="#[407]">&gt;&gt;</a>&nbsp;&nbsp;&nbsp;tuya_ble_handle_dp_data_with_time_string_reported_evt (via Veneer)
<LI><a href="#[405]">&gt;&gt;</a>&nbsp;&nbsp;&nbsp;tuya_ble_handle_dp_data_with_time_reported_evt (via Veneer)
<LI><a href="#[408]">&gt;&gt;</a>&nbsp;&nbsp;&nbsp;tuya_ble_handle_dp_data_with_flag_and_time_string_reported_evt (via Veneer)
<LI><a href="#[406]">&gt;&gt;</a>&nbsp;&nbsp;&nbsp;tuya_ble_handle_dp_data_with_flag_and_time_reported_evt (via Veneer)
<LI><a href="#[3f3]">&gt;&gt;</a>&nbsp;&nbsp;&nbsp;tuya_ble_device_unbond (via Veneer)
<LI><a href="#[3e3]">&gt;&gt;</a>&nbsp;&nbsp;&nbsp;tuya_ble_commonData_rx_proc (via Veneer)
<LI><a href="#[349]">&gt;&gt;</a>&nbsp;&nbsp;&nbsp;mbedtls_md5_finish_ret (via Veneer)
<LI><a href="#[45f]">&gt;&gt;</a>&nbsp;&nbsp;&nbsp;tuya_ble_ota_req_handler (via Veneer)
<LI><a href="#[45c]">&gt;&gt;</a>&nbsp;&nbsp;&nbsp;tuya_ble_ota_file_info_handler (via Veneer)
<LI><a href="#[45a]">&gt;&gt;</a>&nbsp;&nbsp;&nbsp;tuya_ble_ota_end_handler (via Veneer)
<LI><a href="#[3ee]">&gt;&gt;</a>&nbsp;&nbsp;&nbsp;tuya_ble_key_generate (via Veneer)
</UL>

<P><STRONG><a name="[162]"></a>__aeabi_memclr4</STRONG> (Thumb, 0 bytes, Stack size 0 bytes, bb_rom_sym_m0.txt(ABSOLUTE))
<BR><BR>[Called By]<UL><LI><a href="#[436]">&gt;&gt;</a>&nbsp;&nbsp;&nbsp;tuya_ble_gatt_receive_data (via Veneer)
<LI><a href="#[3b9]">&gt;&gt;</a>&nbsp;&nbsp;&nbsp;tuya_ble_storage_write_auth_key_device_id_mac (via Veneer)
<LI><a href="#[3a8]">&gt;&gt;</a>&nbsp;&nbsp;&nbsp;tuya_ble_app_sdk_test_process (via Veneer)
<LI><a href="#[3d8]">&gt;&gt;</a>&nbsp;&nbsp;&nbsp;tuya_ble_bulk_data_demo_handler (via Veneer)
<LI><a href="#[115]">&gt;&gt;</a>&nbsp;&nbsp;&nbsp;elog_output (via Veneer)
<LI><a href="#[42a]">&gt;&gt;</a>&nbsp;&nbsp;&nbsp;tuya_ble_handle_unix_time_with_dst_date_resp (via Veneer)
<LI><a href="#[428]">&gt;&gt;</a>&nbsp;&nbsp;&nbsp;tuya_ble_handle_unix_time_date_resp (via Veneer)
<LI><a href="#[427]">&gt;&gt;</a>&nbsp;&nbsp;&nbsp;tuya_ble_handle_unix_time_char_ms_resp (via Veneer)
<LI><a href="#[42d]">&gt;&gt;</a>&nbsp;&nbsp;&nbsp;tuya_ble_handle_device_reset_req (via Veneer)
<LI><a href="#[421]">&gt;&gt;</a>&nbsp;&nbsp;&nbsp;tuya_ble_handle_dev_info_req (via Veneer)
<LI><a href="#[429]">&gt;&gt;</a>&nbsp;&nbsp;&nbsp;tuya_ble_handle_app_local_time_data_resp (via Veneer)
<LI><a href="#[480]">&gt;&gt;</a>&nbsp;&nbsp;&nbsp;tuya_ble_storage_load_settings (via Veneer)
<LI><a href="#[3b3]">&gt;&gt;</a>&nbsp;&nbsp;&nbsp;tuya_ble_auc_rssi_test (via Veneer)
<LI><a href="#[3ff]">&gt;&gt;</a>&nbsp;&nbsp;&nbsp;tuya_ble_handle_factory_reset_evt (via Veneer)
<LI><a href="#[396]">&gt;&gt;</a>&nbsp;&nbsp;&nbsp;trsmitr_init (via Veneer)
<LI><a href="#[34b]">&gt;&gt;</a>&nbsp;&nbsp;&nbsp;mbedtls_md5_init (via Veneer)
<LI><a href="#[34a]">&gt;&gt;</a>&nbsp;&nbsp;&nbsp;mbedtls_md5_free (via Veneer)
<LI><a href="#[349]">&gt;&gt;</a>&nbsp;&nbsp;&nbsp;mbedtls_md5_finish_ret (via Veneer)
<LI><a href="#[343]">&gt;&gt;</a>&nbsp;&nbsp;&nbsp;mbedtls_aes_init (via Veneer)
<LI><a href="#[318]">&gt;&gt;</a>&nbsp;&nbsp;&nbsp;hal_spi_init (via Veneer)
<LI><a href="#[312]">&gt;&gt;</a>&nbsp;&nbsp;&nbsp;hal_spi_bus_deinit (via Veneer)
<LI><a href="#[2b1]">&gt;&gt;</a>&nbsp;&nbsp;&nbsp;hal_uart_init (via Veneer)
<LI><a href="#[31d]">&gt;&gt;</a>&nbsp;&nbsp;&nbsp;hal_uart_deinit (via Veneer)
<LI><a href="#[492]">&gt;&gt;</a>&nbsp;&nbsp;&nbsp;ty_ble_notify (via Veneer)
<LI><a href="#[161]">&gt;&gt;</a>&nbsp;&nbsp;&nbsp;hal_pwrmgr_init (via Veneer)
<LI><a href="#[188]">&gt;&gt;</a>&nbsp;&nbsp;&nbsp;hal_gpio_init (via Veneer)
<LI><a href="#[45c]">&gt;&gt;</a>&nbsp;&nbsp;&nbsp;tuya_ble_ota_file_info_handler (via Veneer)
<LI><a href="#[2ab]">&gt;&gt;</a>&nbsp;&nbsp;&nbsp;clear_adcc_cfg (via Veneer)
<LI><a href="#[300]">&gt;&gt;</a>&nbsp;&nbsp;&nbsp;spis_int_handle (via Veneer)
<LI><a href="#[3f1]">&gt;&gt;</a>&nbsp;&nbsp;&nbsp;tuya_ble_device_id_key_generate (via Veneer)
</UL>

<P><STRONG><a name="[0]"></a>memset</STRONG> (Thumb, 0 bytes, Stack size 0 bytes, bb_rom_sym_m0.txt(ABSOLUTE), UNUSED)
<BR>[Address Reference Count : 1]<UL><LI> aes.o(.data)
</UL>
<P><STRONG><a name="[2be]"></a>strlen</STRONG> (Thumb, 0 bytes, Stack size 0 bytes, bb_rom_sym_m0.txt(ABSOLUTE))
<BR><BR>[Called By]<UL><LI><a href="#[3a9]">&gt;&gt;</a>&nbsp;&nbsp;&nbsp;tuya_ble_custom_app_production_test_process (via Veneer)
<LI><a href="#[3c5]">&gt;&gt;</a>&nbsp;&nbsp;&nbsp;tuya_ble_feature_weather_data_request_with_location (via Veneer)
<LI><a href="#[115]">&gt;&gt;</a>&nbsp;&nbsp;&nbsp;elog_output (via Veneer)
<LI><a href="#[3b2]">&gt;&gt;</a>&nbsp;&nbsp;&nbsp;tuya_ble_auc_write_hid (via Veneer)
<LI><a href="#[3ad]">&gt;&gt;</a>&nbsp;&nbsp;&nbsp;tuya_ble_auc_write_auth_info (via Veneer)
<LI><a href="#[3b3]">&gt;&gt;</a>&nbsp;&nbsp;&nbsp;tuya_ble_auc_rssi_test (via Veneer)
<LI><a href="#[3ab]">&gt;&gt;</a>&nbsp;&nbsp;&nbsp;tuya_ble_auc_query_hid (via Veneer)
<LI><a href="#[3ac]">&gt;&gt;</a>&nbsp;&nbsp;&nbsp;tuya_ble_auc_gpio_test (via Veneer)
<LI><a href="#[3b4]">&gt;&gt;</a>&nbsp;&nbsp;&nbsp;tuya_ble_auc_exit (via Veneer)
<LI><a href="#[4a7]">&gt;&gt;</a>&nbsp;&nbsp;&nbsp;weather_key_string_to_enum_type (via Veneer)
</UL>

<P><STRONG><a name="[3d4]"></a>memcmp</STRONG> (Thumb, 0 bytes, Stack size 0 bytes, bb_rom_sym_m0.txt(ABSOLUTE))
<BR><BR>[Called By]<UL><LI><a href="#[3b9]">&gt;&gt;</a>&nbsp;&nbsp;&nbsp;tuya_ble_storage_write_auth_key_device_id_mac (via Veneer)
<LI><a href="#[46b]">&gt;&gt;</a>&nbsp;&nbsp;&nbsp;tuya_ble_sdk_init (via Veneer)
<LI><a href="#[422]">&gt;&gt;</a>&nbsp;&nbsp;&nbsp;tuya_ble_handle_pair_req (via Veneer)
<LI><a href="#[3d7]">&gt;&gt;</a>&nbsp;&nbsp;&nbsp;tuya_ble_storage_write_hid (via Veneer)
<LI><a href="#[3b2]">&gt;&gt;</a>&nbsp;&nbsp;&nbsp;tuya_ble_auc_write_hid (via Veneer)
<LI><a href="#[3ad]">&gt;&gt;</a>&nbsp;&nbsp;&nbsp;tuya_ble_auc_write_auth_info (via Veneer)
<LI><a href="#[45d]">&gt;&gt;</a>&nbsp;&nbsp;&nbsp;tuya_ble_ota_file_offset_handler (via Veneer)
<LI><a href="#[3ee]">&gt;&gt;</a>&nbsp;&nbsp;&nbsp;tuya_ble_key_generate (via Veneer)
</UL>

<P><STRONG><a name="[4a8]"></a>strncmp</STRONG> (Thumb, 0 bytes, Stack size 0 bytes, bb_rom_sym_m0.txt(ABSOLUTE))
<BR><BR>[Called By]<UL><LI><a href="#[4a7]">&gt;&gt;</a>&nbsp;&nbsp;&nbsp;weather_key_string_to_enum_type (via Veneer)
</UL>

<P><STRONG><a name="[d8]"></a>__aeabi_uread4</STRONG> (Thumb, 0 bytes, Stack size 0 bytes, bb_rom_sym_m0.txt(ABSOLUTE))
<BR><BR>[Called By]<UL><LI><a href="#[3c7]">&gt;&gt;</a>&nbsp;&nbsp;&nbsp;ty_pwm_start (via Veneer)
<LI><a href="#[3a8]">&gt;&gt;</a>&nbsp;&nbsp;&nbsp;tuya_ble_app_sdk_test_process (via Veneer)
<LI><a href="#[466]">&gt;&gt;</a>&nbsp;&nbsp;&nbsp;tuya_ble_sdk_test_dp_report_handler (via Veneer)
<LI><a href="#[41b]">&gt;&gt;</a>&nbsp;&nbsp;&nbsp;tuya_ble_handle_dp_data_write_req (via Veneer)
<LI><a href="#[41d]">&gt;&gt;</a>&nbsp;&nbsp;&nbsp;tuya_ble_handle_dp_data_with_time_send_response (via Veneer)
<LI><a href="#[41c]">&gt;&gt;</a>&nbsp;&nbsp;&nbsp;tuya_ble_handle_dp_data_send_response (via Veneer)
<LI><a href="#[347]">&gt;&gt;</a>&nbsp;&nbsp;&nbsp;mbedtls_internal_md5_process (via Veneer)
<LI><a href="#[342]">&gt;&gt;</a>&nbsp;&nbsp;&nbsp;mbedtls_internal_aes_encrypt (via Veneer)
<LI><a href="#[341]">&gt;&gt;</a>&nbsp;&nbsp;&nbsp;mbedtls_internal_aes_decrypt (via Veneer)
<LI><a href="#[345]">&gt;&gt;</a>&nbsp;&nbsp;&nbsp;mbedtls_aes_setkey_enc (via Veneer)
<LI><a href="#[26a]">&gt;&gt;</a>&nbsp;&nbsp;&nbsp;ty_key_press_timeout_handler (via Veneer)
<LI><a href="#[434]">&gt;&gt;</a>&nbsp;&nbsp;&nbsp;ty_ble_set_advdata_and_scanrsp (via Veneer)
<LI><a href="#[45d]">&gt;&gt;</a>&nbsp;&nbsp;&nbsp;tuya_ble_ota_file_offset_handler (via Veneer)
<LI><a href="#[45c]">&gt;&gt;</a>&nbsp;&nbsp;&nbsp;tuya_ble_ota_file_info_handler (via Veneer)
<LI><a href="#[2b]">&gt;&gt;</a>&nbsp;&nbsp;&nbsp;LL_ENC_Encrypt1 (via Veneer)
<LI><a href="#[2c]">&gt;&gt;</a>&nbsp;&nbsp;&nbsp;LL_ENC_Decrypt1 (via Veneer)
</UL>

<P><STRONG><a name="[b8]"></a>__rt_ctype_table</STRONG> (Thumb, 0 bytes, Stack size 0 bytes, bb_rom_sym_m0.txt(ABSOLUTE))
<BR><BR>[Called By]<UL><LI><a href="#[a3]">&gt;&gt;</a>&nbsp;&nbsp;&nbsp;__strtoll (via Veneer)
<LI><a href="#[a1]">&gt;&gt;</a>&nbsp;&nbsp;&nbsp;strtol (via Veneer)
</UL>

<P><STRONG><a name="[b9]"></a>_strtoul</STRONG> (Thumb, 0 bytes, Stack size 0 bytes, bb_rom_sym_m0.txt(ABSOLUTE))
<BR><BR>[Called By]<UL><LI><a href="#[a1]">&gt;&gt;</a>&nbsp;&nbsp;&nbsp;strtol (via Veneer)
</UL>

<P><STRONG><a name="[d2]"></a>HCI_CommandCompleteEvent</STRONG> (Thumb, 0 bytes, Stack size 0 bytes, bb_rom_sym_m0.txt(ABSOLUTE))
<BR><BR>[Called By]<UL><LI><a href="#[d3]">&gt;&gt;</a>&nbsp;&nbsp;&nbsp;HCI_LE_LtkReqReplyCmd (via Veneer)
<LI><a href="#[d0]">&gt;&gt;</a>&nbsp;&nbsp;&nbsp;HCI_LE_LtkReqNegReplyCmd (via Veneer)
</UL>

<P><STRONG><a name="[213]"></a>HCI_DisconnectCmd</STRONG> (Thumb, 0 bytes, Stack size 0 bytes, bb_rom_sym_m0.txt(ABSOLUTE))
<BR><BR>[Called By]<UL><LI><a href="#[1f8]">&gt;&gt;</a>&nbsp;&nbsp;&nbsp;GAP_TerminateLinkReq (via Veneer)
<LI><a href="#[211]">&gt;&gt;</a>&nbsp;&nbsp;&nbsp;disconnectNext (via Veneer)
</UL>

<P><STRONG><a name="[1ff]"></a>HCI_GAPTaskRegister</STRONG> (Thumb, 0 bytes, Stack size 0 bytes, bb_rom_sym_m0.txt(ABSOLUTE))
<BR><BR>[Called By]<UL><LI><a href="#[192]">&gt;&gt;</a>&nbsp;&nbsp;&nbsp;GAP_Init (via Veneer)
</UL>

<P><STRONG><a name="[242]"></a>HCI_HostNumCompletedPktCmd</STRONG> (Thumb, 0 bytes, Stack size 0 bytes, bb_rom_sym_m0.txt(ABSOLUTE))
<BR><BR>[Called By]<UL><LI><a href="#[22c]">&gt;&gt;</a>&nbsp;&nbsp;&nbsp;L2CAP_HostNumCompletedPkts (via Veneer)
</UL>

<P><STRONG><a name="[18e]"></a>HCI_Init</STRONG> (Thumb, 0 bytes, Stack size 0 bytes, bb_rom_sym_m0.txt(ABSOLUTE))
<BR><BR>[Called By]<UL><LI><a href="#[20]">&gt;&gt;</a>&nbsp;&nbsp;&nbsp;osalInitTasks (via Veneer)
</UL>

<P><STRONG><a name="[243]"></a>HCI_L2CAPTaskRegister</STRONG> (Thumb, 0 bytes, Stack size 0 bytes, bb_rom_sym_m0.txt(ABSOLUTE))
<BR><BR>[Called By]<UL><LI><a href="#[190]">&gt;&gt;</a>&nbsp;&nbsp;&nbsp;L2CAP_Init (via Veneer)
</UL>

<P><STRONG><a name="[37c]"></a>HCI_LE_RandCmd</STRONG> (Thumb, 0 bytes, Stack size 0 bytes, bb_rom_sym_m0.txt(ABSOLUTE))
<BR><BR>[Called By]<UL><LI><a href="#[37b]">&gt;&gt;</a>&nbsp;&nbsp;&nbsp;smProcessRandComplete (via Veneer)
</UL>

<P><STRONG><a name="[2e3]"></a>HCI_LE_ReadBufSizeCmd</STRONG> (Thumb, 0 bytes, Stack size 0 bytes, bb_rom_sym_m0.txt(ABSOLUTE))
<BR><BR>[Called By]<UL><LI><a href="#[2df]">&gt;&gt;</a>&nbsp;&nbsp;&nbsp;gapReadBD_ADDRStatus (via Veneer)
</UL>

<P><STRONG><a name="[265]"></a>HCI_LE_ReadResolvingListSizeCmd</STRONG> (Thumb, 0 bytes, Stack size 0 bytes, bb_rom_sym_m0.txt(ABSOLUTE))
<BR><BR>[Called By]<UL><LI><a href="#[81]">&gt;&gt;</a>&nbsp;&nbsp;&nbsp;SimpleBLEPeripheral_ProcessEvent (via Veneer)
</UL>

<P><STRONG><a name="[214]"></a>HCI_LE_SetAdvDataCmd</STRONG> (Thumb, 0 bytes, Stack size 0 bytes, bb_rom_sym_m0.txt(ABSOLUTE))
<BR><BR>[Called By]<UL><LI><a href="#[1f3]">&gt;&gt;</a>&nbsp;&nbsp;&nbsp;GAP_UpdateAdvertisingData (via Veneer)
</UL>

<P><STRONG><a name="[1fd]"></a>HCI_LE_SetAdvEnableCmd</STRONG> (Thumb, 0 bytes, Stack size 0 bytes, bb_rom_sym_m0.txt(ABSOLUTE))
<BR><BR>[Called By]<UL><LI><a href="#[1f2]">&gt;&gt;</a>&nbsp;&nbsp;&nbsp;GAP_EndDiscoverable (via Veneer)
<LI><a href="#[2d0]">&gt;&gt;</a>&nbsp;&nbsp;&nbsp;gapSetAdvParamsStatus (via Veneer)
</UL>

<P><STRONG><a name="[2e9]"></a>HCI_LE_SetAdvParamCmd</STRONG> (Thumb, 0 bytes, Stack size 0 bytes, bb_rom_sym_m0.txt(ABSOLUTE))
<BR><BR>[Called By]<UL><LI><a href="#[7]">&gt;&gt;</a>&nbsp;&nbsp;&nbsp;gapSetAdvParams (via Veneer)
</UL>

<P><STRONG><a name="[263]"></a>HCI_LE_SetDefaultPhyMode</STRONG> (Thumb, 0 bytes, Stack size 0 bytes, bb_rom_sym_m0.txt(ABSOLUTE))
<BR><BR>[Called By]<UL><LI><a href="#[196]">&gt;&gt;</a>&nbsp;&nbsp;&nbsp;SimpleBLEPeripheral_Init (via Veneer)
</UL>

<P><STRONG><a name="[2e1]"></a>HCI_LE_SetRandomAddressCmd</STRONG> (Thumb, 0 bytes, Stack size 0 bytes, bb_rom_sym_m0.txt(ABSOLUTE))
<BR><BR>[Called By]<UL><LI><a href="#[20e]">&gt;&gt;</a>&nbsp;&nbsp;&nbsp;gapProcessNewAddr (via Veneer)
</UL>

<P><STRONG><a name="[215]"></a>HCI_LE_SetScanRspDataCmd</STRONG> (Thumb, 0 bytes, Stack size 0 bytes, bb_rom_sym_m0.txt(ABSOLUTE))
<BR><BR>[Called By]<UL><LI><a href="#[1f3]">&gt;&gt;</a>&nbsp;&nbsp;&nbsp;GAP_UpdateAdvertisingData (via Veneer)
</UL>

<P><STRONG><a name="[79]"></a>HCI_ProcessEvent</STRONG> (Thumb, 0 bytes, Stack size 0 bytes, bb_rom_sym_m0.txt(ABSOLUTE), UNUSED)
<BR>[Address Reference Count : 1]<UL><LI> osal_simplebleperipheral.o(.constdata)
</UL>
<P><STRONG><a name="[205]"></a>HCI_ReadBDADDRCmd</STRONG> (Thumb, 0 bytes, Stack size 0 bytes, bb_rom_sym_m0.txt(ABSOLUTE))
<BR><BR>[Called By]<UL><LI><a href="#[1f9]">&gt;&gt;</a>&nbsp;&nbsp;&nbsp;GAP_ParamsInit (via Veneer)
<LI><a href="#[3]">&gt;&gt;</a>&nbsp;&nbsp;&nbsp;peripheralStateNotificationCB (via Veneer)
</UL>

<P><STRONG><a name="[1ed]"></a>HCI_ReadRssiCmd</STRONG> (Thumb, 0 bytes, Stack size 0 bytes, bb_rom_sym_m0.txt(ABSOLUTE))
<BR><BR>[Called By]<UL><LI><a href="#[7f]">&gt;&gt;</a>&nbsp;&nbsp;&nbsp;GAPRole_ProcessEvent (via Veneer)
</UL>

<P><STRONG><a name="[256]"></a>HCI_SMPTaskRegister</STRONG> (Thumb, 0 bytes, Stack size 0 bytes, bb_rom_sym_m0.txt(ABSOLUTE))
<BR><BR>[Called By]<UL><LI><a href="#[191]">&gt;&gt;</a>&nbsp;&nbsp;&nbsp;SM_Init (via Veneer)
</UL>

<P><STRONG><a name="[ce]"></a>HCI_SendDataPkt</STRONG> (Thumb, 0 bytes, Stack size 0 bytes, bb_rom_sym_m0.txt(ABSOLUTE))
<BR><BR>[Called By]<UL><LI><a href="#[cd]">&gt;&gt;</a>&nbsp;&nbsp;&nbsp;L2CAP_Fragment_SendDataPkt (via Veneer)
</UL>

<P><STRONG><a name="[24d]"></a>HCI_bm_alloc</STRONG> (Thumb, 0 bytes, Stack size 0 bytes, bb_rom_sym_m0.txt(ABSOLUTE))
<BR><BR>[Called By]<UL><LI><a href="#[24c]">&gt;&gt;</a>&nbsp;&nbsp;&nbsp;L2CAP_bm_alloc (via Veneer)
</UL>

<P><STRONG><a name="[d9]"></a>LL_ConnActive</STRONG> (Thumb, 0 bytes, Stack size 0 bytes, bb_rom_sym_m0.txt(ABSOLUTE))
<BR><BR>[Called By]<UL><LI><a href="#[d4]">&gt;&gt;</a>&nbsp;&nbsp;&nbsp;LL_EncLtkReply (via Veneer)
<LI><a href="#[d1]">&gt;&gt;</a>&nbsp;&nbsp;&nbsp;LL_EncLtkNegReply (via Veneer)
</UL>

<P><STRONG><a name="[1d2]"></a>LL_ENC_AES128_Encrypt</STRONG> (Thumb, 0 bytes, Stack size 0 bytes, bb_rom_sym_m0.txt(ABSOLUTE), UNUSED)
<BR><BR>[Called By]<UL><LI><a href="#[1d1]">&gt;&gt;</a>&nbsp;&nbsp;&nbsp;TRNG_Rand (via Veneer)
</UL>

<P><STRONG><a name="[d5]"></a>LL_ENC_AES128_Encrypt0</STRONG> (Thumb, 0 bytes, Stack size 0 bytes, bb_rom_sym_m0.txt(ABSOLUTE))
<BR><BR>[Called By]<UL><LI><a href="#[2a]">&gt;&gt;</a>&nbsp;&nbsp;&nbsp;LL_ENC_AES128_Encrypt1 (via Veneer)
<LI><a href="#[122]">&gt;&gt;</a>&nbsp;&nbsp;&nbsp;finidv (via Veneer)
</UL>

<P><STRONG><a name="[d7]"></a>LL_ENC_GenerateNonce</STRONG> (Thumb, 0 bytes, Stack size 0 bytes, bb_rom_sym_m0.txt(ABSOLUTE))
<BR><BR>[Called By]<UL><LI><a href="#[2b]">&gt;&gt;</a>&nbsp;&nbsp;&nbsp;LL_ENC_Encrypt1 (via Veneer)
<LI><a href="#[2c]">&gt;&gt;</a>&nbsp;&nbsp;&nbsp;LL_ENC_Decrypt1 (via Veneer)
</UL>

<P><STRONG><a name="[d6]"></a>LL_ENC_LoadKey</STRONG> (Thumb, 0 bytes, Stack size 0 bytes, bb_rom_sym_m0.txt(ABSOLUTE))
<BR><BR>[Called By]<UL><LI><a href="#[2b]">&gt;&gt;</a>&nbsp;&nbsp;&nbsp;LL_ENC_Encrypt1 (via Veneer)
<LI><a href="#[2c]">&gt;&gt;</a>&nbsp;&nbsp;&nbsp;LL_ENC_Decrypt1 (via Veneer)
</UL>

<P><STRONG><a name="[35c]"></a>LL_Encrypt</STRONG> (Thumb, 0 bytes, Stack size 0 bytes, bb_rom_sym_m0.txt(ABSOLUTE))
<BR><BR>[Called By]<UL><LI><a href="#[2f9]">&gt;&gt;</a>&nbsp;&nbsp;&nbsp;smEncryptLocal (via Veneer)
<LI><a href="#[35b]">&gt;&gt;</a>&nbsp;&nbsp;&nbsp;smEncrypt (via Veneer)
</UL>

<P><STRONG><a name="[18d]"></a>LL_Init</STRONG> (Thumb, 0 bytes, Stack size 0 bytes, bb_rom_sym_m0.txt(ABSOLUTE))
<BR><BR>[Called By]<UL><LI><a href="#[20]">&gt;&gt;</a>&nbsp;&nbsp;&nbsp;osalInitTasks (via Veneer)
</UL>

<P><STRONG><a name="[16c]"></a>LL_InitConnectContext</STRONG> (Thumb, 0 bytes, Stack size 0 bytes, bb_rom_sym_m0.txt(ABSOLUTE))
<BR><BR>[Called By]<UL><LI><a href="#[168]">&gt;&gt;</a>&nbsp;&nbsp;&nbsp;hal_rfphy_init (via Veneer)
</UL>

<P><STRONG><a name="[78]"></a>LL_ProcessEvent</STRONG> (Thumb, 0 bytes, Stack size 0 bytes, bb_rom_sym_m0.txt(ABSOLUTE), UNUSED)
<BR>[Address Reference Count : 1]<UL><LI> osal_simplebleperipheral.o(.constdata)
</UL>
<P><STRONG><a name="[f7]"></a>LL_SetAdvParam0</STRONG> (Thumb, 0 bytes, Stack size 0 bytes, bb_rom_sym_m0.txt(ABSOLUTE))
<BR><BR>[Called By]<UL><LI><a href="#[15]">&gt;&gt;</a>&nbsp;&nbsp;&nbsp;LL_SetAdvParam1 (via Veneer)
</UL>

<P><STRONG><a name="[f8]"></a>LL_SetDataLengh0</STRONG> (Thumb, 0 bytes, Stack size 0 bytes, bb_rom_sym_m0.txt(ABSOLUTE))
<BR><BR>[Called By]<UL><LI><a href="#[31]">&gt;&gt;</a>&nbsp;&nbsp;&nbsp;LL_SetDataLengh1 (via Veneer)
</UL>

<P><STRONG><a name="[241]"></a>LL_TX_bm_alloc</STRONG> (Thumb, 0 bytes, Stack size 0 bytes, bb_rom_sym_m0.txt(ABSOLUTE))
<BR><BR>[Called By]<UL><LI><a href="#[240]">&gt;&gt;</a>&nbsp;&nbsp;&nbsp;L2CAP_Fragment_bm_alloc (via Veneer)
</UL>

<P><STRONG><a name="[f9]"></a>LL_set_default_conn_params0</STRONG> (Thumb, 0 bytes, Stack size 0 bytes, bb_rom_sym_m0.txt(ABSOLUTE))
<BR><BR>[Called By]<UL><LI><a href="#[36]">&gt;&gt;</a>&nbsp;&nbsp;&nbsp;LL_set_default_conn_params1 (via Veneer)
</UL>

<P><STRONG><a name="[fc]"></a>WaitRTCCount</STRONG> (Thumb, 0 bytes, Stack size 0 bytes, bb_rom_sym_m0.txt(ABSOLUTE))
<BR><BR>[Called By]<UL><LI><a href="#[fa]">&gt;&gt;</a>&nbsp;&nbsp;&nbsp;WaitMs (via Veneer)
<LI><a href="#[12a]">&gt;&gt;</a>&nbsp;&nbsp;&nbsp;_spif_wait_nobusy_x (via Veneer)
<LI><a href="#[198]">&gt;&gt;</a>&nbsp;&nbsp;&nbsp;rc32k_calibration (via Veneer)
<LI><a href="#[2e]">&gt;&gt;</a>&nbsp;&nbsp;&nbsp;wakeup_init1 (via Veneer)
<LI><a href="#[2f]">&gt;&gt;</a>&nbsp;&nbsp;&nbsp;wakeupProcess1 (via Veneer)
<LI><a href="#[2d]">&gt;&gt;</a>&nbsp;&nbsp;&nbsp;config_RTC1 (via Veneer)
<LI><a href="#[136]">&gt;&gt;</a>&nbsp;&nbsp;&nbsp;check_96MXtal_by_rcTracking (via Veneer)
<LI><a href="#[133]">&gt;&gt;</a>&nbsp;&nbsp;&nbsp;check_16MXtal_by_rcTracking (via Veneer)
<LI><a href="#[1cf]">&gt;&gt;</a>&nbsp;&nbsp;&nbsp;TRNG_Output (via Veneer)
</UL>

<P><STRONG><a name="[f1]"></a>__ARM_common_switch8</STRONG> (Thumb, 0 bytes, Stack size 0 bytes, bb_rom_sym_m0.txt(ABSOLUTE))
<BR><BR>[Called By]<UL><LI><a href="#[3e6]">&gt;&gt;</a>&nbsp;&nbsp;&nbsp;tuya_ble_common_uart_data_unpack (via Veneer)
<LI><a href="#[3a8]">&gt;&gt;</a>&nbsp;&nbsp;&nbsp;tuya_ble_app_sdk_test_process (via Veneer)
<LI><a href="#[45e]">&gt;&gt;</a>&nbsp;&nbsp;&nbsp;tuya_ble_ota_handler (via Veneer)
<LI><a href="#[67]">&gt;&gt;</a>&nbsp;&nbsp;&nbsp;tuya_ble_sdk_callback (via Veneer)
<LI><a href="#[426]">&gt;&gt;</a>&nbsp;&nbsp;&nbsp;tuya_ble_handle_ota_req (via Veneer)
<LI><a href="#[3fb]">&gt;&gt;</a>&nbsp;&nbsp;&nbsp;tuya_ble_event_process (via Veneer)
<LI><a href="#[3de]">&gt;&gt;</a>&nbsp;&nbsp;&nbsp;tuya_ble_inter_event_response (via Veneer)
<LI><a href="#[44d]">&gt;&gt;</a>&nbsp;&nbsp;&nbsp;tuya_ble_hex2int (via Veneer)
<LI><a href="#[486]">&gt;&gt;</a>&nbsp;&nbsp;&nbsp;tuya_ble_uart_common_mcu_ota_data_from_uart_handler (via Veneer)
<LI><a href="#[400]">&gt;&gt;</a>&nbsp;&nbsp;&nbsp;tuya_ble_handle_ota_response_evt (via Veneer)
<LI><a href="#[449]">&gt;&gt;</a>&nbsp;&nbsp;&nbsp;tuya_ble_uart_common_mcu_ota_data_from_ble_handler (via Veneer)
<LI><a href="#[3a5]">&gt;&gt;</a>&nbsp;&nbsp;&nbsp;tuya_ble_app_production_test_process (via Veneer)
<LI><a href="#[41a]">&gt;&gt;</a>&nbsp;&nbsp;&nbsp;tuya_ble_evt_process (via Veneer)
<LI><a href="#[1]">&gt;&gt;</a>&nbsp;&nbsp;&nbsp;cpt_key_state_handler (via Veneer)
<LI><a href="#[302]">&gt;&gt;</a>&nbsp;&nbsp;&nbsp;hal_adc_config_channel (via Veneer)
<LI><a href="#[239]">&gt;&gt;</a>&nbsp;&nbsp;&nbsp;GGS_SetParameter (via Veneer)
<LI><a href="#[1f1]">&gt;&gt;</a>&nbsp;&nbsp;&nbsp;GAPRole_SetParameter (via Veneer)
<LI><a href="#[303]">&gt;&gt;</a>&nbsp;&nbsp;&nbsp;set_sampling_resolution (via Veneer)
<LI><a href="#[1e6]">&gt;&gt;</a>&nbsp;&nbsp;&nbsp;GAPRole_GetParameter (via Veneer)
<LI><a href="#[2e4]">&gt;&gt;</a>&nbsp;&nbsp;&nbsp;gapRole_ProcessGAPMsg (via Veneer)
<LI><a href="#[73]">&gt;&gt;</a>&nbsp;&nbsp;&nbsp;ggs_ReadAttrCB (via Veneer)
<LI><a href="#[1f7]">&gt;&gt;</a>&nbsp;&nbsp;&nbsp;GAP_DeviceInit (via Veneer)
<LI><a href="#[31b]">&gt;&gt;</a>&nbsp;&nbsp;&nbsp;hal_spi_xmit_polling (via Veneer)
<LI><a href="#[3]">&gt;&gt;</a>&nbsp;&nbsp;&nbsp;peripheralStateNotificationCB (via Veneer)
<LI><a href="#[1b5]">&gt;&gt;</a>&nbsp;&nbsp;&nbsp;rf_tp_cal (via Veneer)
<LI><a href="#[19a]">&gt;&gt;</a>&nbsp;&nbsp;&nbsp;rf_rxDcoc_cfg (via Veneer)
<LI><a href="#[18]">&gt;&gt;</a>&nbsp;&nbsp;&nbsp;LL_SetAdvControl1 (via Veneer)
<LI><a href="#[36c]">&gt;&gt;</a>&nbsp;&nbsp;&nbsp;smProcessDataMsg (via Veneer)
<LI><a href="#[8]">&gt;&gt;</a>&nbsp;&nbsp;&nbsp;smpResponderProcessIncoming (via Veneer)
<LI><a href="#[9]">&gt;&gt;</a>&nbsp;&nbsp;&nbsp;smResponderSendNextKeyInfo (via Veneer)
<LI><a href="#[5]">&gt;&gt;</a>&nbsp;&nbsp;&nbsp;gapPeriProcessHCICmdCompleteEvt (via Veneer)
</UL>

<P><STRONG><a name="[1c7]"></a>app_wakeup_process</STRONG> (Thumb, 0 bytes, Stack size 0 bytes, bb_rom_sym_m0.txt(ABSOLUTE))
<BR><BR>[Called By]<UL><LI><a href="#[2f]">&gt;&gt;</a>&nbsp;&nbsp;&nbsp;wakeupProcess1 (via Veneer)
</UL>

<P><STRONG><a name="[13d]"></a>bit_to_byte</STRONG> (Thumb, 0 bytes, Stack size 0 bytes, bb_rom_sym_m0.txt(ABSOLUTE))
<BR><BR>[Called By]<UL><LI><a href="#[13c]">&gt;&gt;</a>&nbsp;&nbsp;&nbsp;gen_pn_prbs9 (via Veneer)
</UL>

<P><STRONG><a name="[f6]"></a>clear_timer</STRONG> (Thumb, 0 bytes, Stack size 0 bytes, bb_rom_sym_m0.txt(ABSOLUTE))
<BR><BR>[Called By]<UL><LI><a href="#[18]">&gt;&gt;</a>&nbsp;&nbsp;&nbsp;LL_SetAdvControl1 (via Veneer)
</UL>

<P><STRONG><a name="[148]"></a>clk_get_pclk</STRONG> (Thumb, 0 bytes, Stack size 0 bytes, bb_rom_sym_m0.txt(ABSOLUTE))
<BR><BR>[Called By]<UL><LI><a href="#[147]">&gt;&gt;</a>&nbsp;&nbsp;&nbsp;hal_i2c_init (via Veneer)
<LI><a href="#[31f]">&gt;&gt;</a>&nbsp;&nbsp;&nbsp;uart_hw_init (via Veneer)
<LI><a href="#[315]">&gt;&gt;</a>&nbsp;&nbsp;&nbsp;hal_spi_master_init (via Veneer)
</UL>

<P><STRONG><a name="[185]"></a>clk_init</STRONG> (Thumb, 0 bytes, Stack size 0 bytes, bb_rom_sym_m0.txt(ABSOLUTE))
<BR><BR>[Called By]<UL><LI><a href="#[c]">&gt;&gt;</a>&nbsp;&nbsp;&nbsp;main (via Veneer)
<LI><a href="#[2e]">&gt;&gt;</a>&nbsp;&nbsp;&nbsp;wakeup_init1 (via Veneer)
</UL>

<P><STRONG><a name="[c7]"></a>config_RTC</STRONG> (Thumb, 0 bytes, Stack size 0 bytes, bb_rom_sym_m0.txt(ABSOLUTE))
<BR><BR>[Called By]<UL><LI><a href="#[c5]">&gt;&gt;</a>&nbsp;&nbsp;&nbsp;hal_pwrmgr_enter_sleep_rtc_reset (via Veneer)
</UL>

<P><STRONG><a name="[163]"></a>disableSleep</STRONG> (Thumb, 0 bytes, Stack size 0 bytes, bb_rom_sym_m0.txt(ABSOLUTE))
<BR><BR>[Called By]<UL><LI><a href="#[161]">&gt;&gt;</a>&nbsp;&nbsp;&nbsp;hal_pwrmgr_init (via Veneer)
<LI><a href="#[c3]">&gt;&gt;</a>&nbsp;&nbsp;&nbsp;hal_pwrmgr_unlock (via Veneer)
<LI><a href="#[160]">&gt;&gt;</a>&nbsp;&nbsp;&nbsp;hal_pwrmgr_lock (via Veneer)
</UL>

<P><STRONG><a name="[c6]"></a>drv_disable_irq</STRONG> (Thumb, 0 bytes, Stack size 0 bytes, bb_rom_sym_m0.txt(ABSOLUTE))
<BR><BR>[Called By]<UL><LI><a href="#[473]">&gt;&gt;</a>&nbsp;&nbsp;&nbsp;tuya_ble_set_external_mcu_version (via Veneer)
<LI><a href="#[3eb]">&gt;&gt;</a>&nbsp;&nbsp;&nbsp;tuya_ble_connect_status_set (via Veneer)
<LI><a href="#[3dc]">&gt;&gt;</a>&nbsp;&nbsp;&nbsp;tuya_ble_callback_queue_register (via Veneer)
<LI><a href="#[3df]">&gt;&gt;</a>&nbsp;&nbsp;&nbsp;tuya_ble_commData_send (via Veneer)
<LI><a href="#[451]">&gt;&gt;</a>&nbsp;&nbsp;&nbsp;tuya_ble_sched_event_put (via Veneer)
<LI><a href="#[430]">&gt;&gt;</a>&nbsp;&nbsp;&nbsp;vTuyaPortFree (via Veneer)
<LI><a href="#[358]">&gt;&gt;</a>&nbsp;&nbsp;&nbsp;pvTuyaPortMalloc (via Veneer)
<LI><a href="#[445]">&gt;&gt;</a>&nbsp;&nbsp;&nbsp;tuya_ble_reset_ble_sn (via Veneer)
<LI><a href="#[447]">&gt;&gt;</a>&nbsp;&nbsp;&nbsp;tuya_ble_pair_rand_clear (via Veneer)
<LI><a href="#[3e3]">&gt;&gt;</a>&nbsp;&nbsp;&nbsp;tuya_ble_commonData_rx_proc (via Veneer)
<LI><a href="#[322]">&gt;&gt;</a>&nbsp;&nbsp;&nbsp;hal_uart_set_tx_buf (via Veneer)
<LI><a href="#[166]">&gt;&gt;</a>&nbsp;&nbsp;&nbsp;hal_pwrmgr_unregister (via Veneer)
<LI><a href="#[320]">&gt;&gt;</a>&nbsp;&nbsp;&nbsp;txmit_buf_use_tx_buf (via Veneer)
<LI><a href="#[c3]">&gt;&gt;</a>&nbsp;&nbsp;&nbsp;hal_pwrmgr_unlock (via Veneer)
<LI><a href="#[160]">&gt;&gt;</a>&nbsp;&nbsp;&nbsp;hal_pwrmgr_lock (via Veneer)
<LI><a href="#[165]">&gt;&gt;</a>&nbsp;&nbsp;&nbsp;hal_pwrmgr_is_lock (via Veneer)
<LI><a href="#[142]">&gt;&gt;</a>&nbsp;&nbsp;&nbsp;hal_flash_write_by_dma (via Veneer)
<LI><a href="#[141]">&gt;&gt;</a>&nbsp;&nbsp;&nbsp;hal_flash_read (via Veneer)
<LI><a href="#[13f]">&gt;&gt;</a>&nbsp;&nbsp;&nbsp;hal_flash_erase_sector (via Veneer)
<LI><a href="#[13e]">&gt;&gt;</a>&nbsp;&nbsp;&nbsp;hal_cache_tag_flush (via Veneer)
<LI><a href="#[cc]">&gt;&gt;</a>&nbsp;&nbsp;&nbsp;spif_unlock (via Veneer)
<LI><a href="#[ca]">&gt;&gt;</a>&nbsp;&nbsp;&nbsp;spif_lock (via Veneer)
<LI><a href="#[c5]">&gt;&gt;</a>&nbsp;&nbsp;&nbsp;hal_pwrmgr_enter_sleep_rtc_reset (via Veneer)
<LI><a href="#[31c]">&gt;&gt;</a>&nbsp;&nbsp;&nbsp;hal_spi_write_fifo (via Veneer)
<LI><a href="#[17]">&gt;&gt;</a>&nbsp;&nbsp;&nbsp;llSecAdvAllow1 (via Veneer)
<LI><a href="#[16]">&gt;&gt;</a>&nbsp;&nbsp;&nbsp;llCalcMaxScanTime1 (via Veneer)
<LI><a href="#[18]">&gt;&gt;</a>&nbsp;&nbsp;&nbsp;LL_SetAdvControl1 (via Veneer)
</UL>

<P><STRONG><a name="[cb]"></a>drv_enable_irq</STRONG> (Thumb, 0 bytes, Stack size 0 bytes, bb_rom_sym_m0.txt(ABSOLUTE))
<BR><BR>[Called By]<UL><LI><a href="#[473]">&gt;&gt;</a>&nbsp;&nbsp;&nbsp;tuya_ble_set_external_mcu_version (via Veneer)
<LI><a href="#[3eb]">&gt;&gt;</a>&nbsp;&nbsp;&nbsp;tuya_ble_connect_status_set (via Veneer)
<LI><a href="#[3dc]">&gt;&gt;</a>&nbsp;&nbsp;&nbsp;tuya_ble_callback_queue_register (via Veneer)
<LI><a href="#[3df]">&gt;&gt;</a>&nbsp;&nbsp;&nbsp;tuya_ble_commData_send (via Veneer)
<LI><a href="#[451]">&gt;&gt;</a>&nbsp;&nbsp;&nbsp;tuya_ble_sched_event_put (via Veneer)
<LI><a href="#[430]">&gt;&gt;</a>&nbsp;&nbsp;&nbsp;vTuyaPortFree (via Veneer)
<LI><a href="#[358]">&gt;&gt;</a>&nbsp;&nbsp;&nbsp;pvTuyaPortMalloc (via Veneer)
<LI><a href="#[445]">&gt;&gt;</a>&nbsp;&nbsp;&nbsp;tuya_ble_reset_ble_sn (via Veneer)
<LI><a href="#[447]">&gt;&gt;</a>&nbsp;&nbsp;&nbsp;tuya_ble_pair_rand_clear (via Veneer)
<LI><a href="#[3e3]">&gt;&gt;</a>&nbsp;&nbsp;&nbsp;tuya_ble_commonData_rx_proc (via Veneer)
<LI><a href="#[322]">&gt;&gt;</a>&nbsp;&nbsp;&nbsp;hal_uart_set_tx_buf (via Veneer)
<LI><a href="#[166]">&gt;&gt;</a>&nbsp;&nbsp;&nbsp;hal_pwrmgr_unregister (via Veneer)
<LI><a href="#[320]">&gt;&gt;</a>&nbsp;&nbsp;&nbsp;txmit_buf_use_tx_buf (via Veneer)
<LI><a href="#[c3]">&gt;&gt;</a>&nbsp;&nbsp;&nbsp;hal_pwrmgr_unlock (via Veneer)
<LI><a href="#[160]">&gt;&gt;</a>&nbsp;&nbsp;&nbsp;hal_pwrmgr_lock (via Veneer)
<LI><a href="#[165]">&gt;&gt;</a>&nbsp;&nbsp;&nbsp;hal_pwrmgr_is_lock (via Veneer)
<LI><a href="#[142]">&gt;&gt;</a>&nbsp;&nbsp;&nbsp;hal_flash_write_by_dma (via Veneer)
<LI><a href="#[141]">&gt;&gt;</a>&nbsp;&nbsp;&nbsp;hal_flash_read (via Veneer)
<LI><a href="#[13f]">&gt;&gt;</a>&nbsp;&nbsp;&nbsp;hal_flash_erase_sector (via Veneer)
<LI><a href="#[13e]">&gt;&gt;</a>&nbsp;&nbsp;&nbsp;hal_cache_tag_flush (via Veneer)
<LI><a href="#[cc]">&gt;&gt;</a>&nbsp;&nbsp;&nbsp;spif_unlock (via Veneer)
<LI><a href="#[ca]">&gt;&gt;</a>&nbsp;&nbsp;&nbsp;spif_lock (via Veneer)
<LI><a href="#[31c]">&gt;&gt;</a>&nbsp;&nbsp;&nbsp;hal_spi_write_fifo (via Veneer)
<LI><a href="#[17]">&gt;&gt;</a>&nbsp;&nbsp;&nbsp;llSecAdvAllow1 (via Veneer)
<LI><a href="#[16]">&gt;&gt;</a>&nbsp;&nbsp;&nbsp;llCalcMaxScanTime1 (via Veneer)
<LI><a href="#[18]">&gt;&gt;</a>&nbsp;&nbsp;&nbsp;LL_SetAdvControl1 (via Veneer)
</UL>

<P><STRONG><a name="[182]"></a>drv_irq_init</STRONG> (Thumb, 0 bytes, Stack size 0 bytes, bb_rom_sym_m0.txt(ABSOLUTE))
<BR><BR>[Called By]<UL><LI><a href="#[c]">&gt;&gt;</a>&nbsp;&nbsp;&nbsp;main (via Veneer)
<LI><a href="#[2f]">&gt;&gt;</a>&nbsp;&nbsp;&nbsp;wakeupProcess1 (via Veneer)
</UL>

<P><STRONG><a name="[121]"></a>efuse_read</STRONG> (Thumb, 0 bytes, Stack size 0 bytes, bb_rom_sym_m0.txt(ABSOLUTE))
<BR><BR>[Called By]<UL><LI><a href="#[122]">&gt;&gt;</a>&nbsp;&nbsp;&nbsp;finidv (via Veneer)
<LI><a href="#[120]">&gt;&gt;</a>&nbsp;&nbsp;&nbsp;_efuse_chip_version_check (via Veneer)
</UL>

<P><STRONG><a name="[164]"></a>enableSleep</STRONG> (Thumb, 0 bytes, Stack size 0 bytes, bb_rom_sym_m0.txt(ABSOLUTE))
<BR><BR>[Called By]<UL><LI><a href="#[183]">&gt;&gt;</a>&nbsp;&nbsp;&nbsp;init_config (via Veneer)
<LI><a href="#[161]">&gt;&gt;</a>&nbsp;&nbsp;&nbsp;hal_pwrmgr_init (via Veneer)
<LI><a href="#[c3]">&gt;&gt;</a>&nbsp;&nbsp;&nbsp;hal_pwrmgr_unlock (via Veneer)
</UL>

<P><STRONG><a name="[c9]"></a>enter_sleep_off_mode</STRONG> (Thumb, 0 bytes, Stack size 0 bytes, bb_rom_sym_m0.txt(ABSOLUTE))
<BR><BR>[Called By]<UL><LI><a href="#[c5]">&gt;&gt;</a>&nbsp;&nbsp;&nbsp;hal_pwrmgr_enter_sleep_rtc_reset (via Veneer)
</UL>

<P><STRONG><a name="[17c]"></a>getTxBufferSize</STRONG> (Thumb, 0 bytes, Stack size 0 bytes, bb_rom_sym_m0.txt(ABSOLUTE))
<BR><BR>[Called By]<UL><LI><a href="#[33]">&gt;&gt;</a>&nbsp;&nbsp;&nbsp;ll_generateTxBuffer1 (via Veneer)
</UL>

<P><STRONG><a name="[17d]"></a>get_tx_read_ptr</STRONG> (Thumb, 0 bytes, Stack size 0 bytes, bb_rom_sym_m0.txt(ABSOLUTE))
<BR><BR>[Called By]<UL><LI><a href="#[33]">&gt;&gt;</a>&nbsp;&nbsp;&nbsp;ll_generateTxBuffer1 (via Veneer)
</UL>

<P><STRONG><a name="[1a7]"></a>gpio_write</STRONG> (Thumb, 0 bytes, Stack size 0 bytes, bb_rom_sym_m0.txt(ABSOLUTE))
<BR><BR>[Called By]<UL><LI><a href="#[19e]">&gt;&gt;</a>&nbsp;&nbsp;&nbsp;rf_phy_dtm_cmd_parse (via Veneer)
</UL>

<P><STRONG><a name="[171]"></a>llConnTerminate0</STRONG> (Thumb, 0 bytes, Stack size 0 bytes, bb_rom_sym_m0.txt(ABSOLUTE))
<BR><BR>[Called By]<UL><LI><a href="#[35]">&gt;&gt;</a>&nbsp;&nbsp;&nbsp;llConnTerminate1 (via Veneer)
</UL>

<P><STRONG><a name="[da]"></a>llEnqueueCtrlPkt</STRONG> (Thumb, 0 bytes, Stack size 0 bytes, bb_rom_sym_m0.txt(ABSOLUTE))
<BR><BR>[Called By]<UL><LI><a href="#[33]">&gt;&gt;</a>&nbsp;&nbsp;&nbsp;ll_generateTxBuffer1 (via Veneer)
<LI><a href="#[d4]">&gt;&gt;</a>&nbsp;&nbsp;&nbsp;LL_EncLtkReply (via Veneer)
<LI><a href="#[d1]">&gt;&gt;</a>&nbsp;&nbsp;&nbsp;LL_EncLtkNegReply (via Veneer)
</UL>

<P><STRONG><a name="[260]"></a>llInitFeatureSet2MPHY</STRONG> (Thumb, 0 bytes, Stack size 0 bytes, bb_rom_sym_m0.txt(ABSOLUTE))
<BR><BR>[Called By]<UL><LI><a href="#[196]">&gt;&gt;</a>&nbsp;&nbsp;&nbsp;SimpleBLEPeripheral_Init (via Veneer)
</UL>

<P><STRONG><a name="[261]"></a>llInitFeatureSetDLE</STRONG> (Thumb, 0 bytes, Stack size 0 bytes, bb_rom_sym_m0.txt(ABSOLUTE))
<BR><BR>[Called By]<UL><LI><a href="#[196]">&gt;&gt;</a>&nbsp;&nbsp;&nbsp;SimpleBLEPeripheral_Init (via Veneer)
</UL>

<P><STRONG><a name="[172]"></a>llProcessChanMap</STRONG> (Thumb, 0 bytes, Stack size 0 bytes, bb_rom_sym_m0.txt(ABSOLUTE))
<BR><BR>[Called By]<UL><LI><a href="#[35]">&gt;&gt;</a>&nbsp;&nbsp;&nbsp;llConnTerminate1 (via Veneer)
</UL>

<P><STRONG><a name="[173]"></a>llProcessTxData0</STRONG> (Thumb, 0 bytes, Stack size 0 bytes, bb_rom_sym_m0.txt(ABSOLUTE))
<BR><BR>[Called By]<UL><LI><a href="#[32]">&gt;&gt;</a>&nbsp;&nbsp;&nbsp;llProcessTxData1 (via Veneer)
</UL>

<P><STRONG><a name="[ec]"></a>llSecAdvAllow</STRONG> (Thumb, 0 bytes, Stack size 0 bytes, bb_rom_sym_m0.txt(ABSOLUTE))
<BR><BR>[Called By]<UL><LI><a href="#[27]">&gt;&gt;</a>&nbsp;&nbsp;&nbsp;LL_IRQHandler1 (via Veneer)
</UL>

<P><STRONG><a name="[f2]"></a>llSetupAdv</STRONG> (Thumb, 0 bytes, Stack size 0 bytes, bb_rom_sym_m0.txt(ABSOLUTE))
<BR><BR>[Called By]<UL><LI><a href="#[19]">&gt;&gt;</a>&nbsp;&nbsp;&nbsp;llSetupSecAdvEvt1 (via Veneer)
<LI><a href="#[18]">&gt;&gt;</a>&nbsp;&nbsp;&nbsp;LL_SetAdvControl1 (via Veneer)
</UL>

<P><STRONG><a name="[174]"></a>llSetupNextSlaveEvent0</STRONG> (Thumb, 0 bytes, Stack size 0 bytes, bb_rom_sym_m0.txt(ABSOLUTE))
<BR><BR>[Called By]<UL><LI><a href="#[1b]">&gt;&gt;</a>&nbsp;&nbsp;&nbsp;llSetupNextSlaveEvent1 (via Veneer)
</UL>

<P><STRONG><a name="[ed]"></a>llSetupSecAdvEvt</STRONG> (Thumb, 0 bytes, Stack size 0 bytes, bb_rom_sym_m0.txt(ABSOLUTE))
<BR><BR>[Called By]<UL><LI><a href="#[27]">&gt;&gt;</a>&nbsp;&nbsp;&nbsp;LL_IRQHandler1 (via Veneer)
</UL>

<P><STRONG><a name="[175]"></a>llSetupSecConnectableAdvEvt</STRONG> (Thumb, 0 bytes, Stack size 0 bytes, bb_rom_sym_m0.txt(ABSOLUTE))
<BR><BR>[Called By]<UL><LI><a href="#[19]">&gt;&gt;</a>&nbsp;&nbsp;&nbsp;llSetupSecAdvEvt1 (via Veneer)
</UL>

<P><STRONG><a name="[f0]"></a>llSetupSecInit</STRONG> (Thumb, 0 bytes, Stack size 0 bytes, bb_rom_sym_m0.txt(ABSOLUTE))
<BR><BR>[Called By]<UL><LI><a href="#[27]">&gt;&gt;</a>&nbsp;&nbsp;&nbsp;LL_IRQHandler1 (via Veneer)
</UL>

<P><STRONG><a name="[176]"></a>llSetupSecNonConnectableAdvEvt</STRONG> (Thumb, 0 bytes, Stack size 0 bytes, bb_rom_sym_m0.txt(ABSOLUTE))
<BR><BR>[Called By]<UL><LI><a href="#[19]">&gt;&gt;</a>&nbsp;&nbsp;&nbsp;llSetupSecAdvEvt1 (via Veneer)
</UL>

<P><STRONG><a name="[ef]"></a>llSetupSecScan</STRONG> (Thumb, 0 bytes, Stack size 0 bytes, bb_rom_sym_m0.txt(ABSOLUTE))
<BR><BR>[Called By]<UL><LI><a href="#[27]">&gt;&gt;</a>&nbsp;&nbsp;&nbsp;LL_IRQHandler1 (via Veneer)
</UL>

<P><STRONG><a name="[177]"></a>llSetupSecScannableAdvEvt</STRONG> (Thumb, 0 bytes, Stack size 0 bytes, bb_rom_sym_m0.txt(ABSOLUTE))
<BR><BR>[Called By]<UL><LI><a href="#[19]">&gt;&gt;</a>&nbsp;&nbsp;&nbsp;llSetupSecAdvEvt1 (via Veneer)
</UL>

<P><STRONG><a name="[dc]"></a>ll_debug_output</STRONG> (Thumb, 0 bytes, Stack size 0 bytes, bb_rom_sym_m0.txt(ABSOLUTE))
<BR><BR>[Called By]<UL><LI><a href="#[2f]">&gt;&gt;</a>&nbsp;&nbsp;&nbsp;wakeupProcess1 (via Veneer)
<LI><a href="#[18]">&gt;&gt;</a>&nbsp;&nbsp;&nbsp;LL_SetAdvControl1 (via Veneer)
<LI><a href="#[27]">&gt;&gt;</a>&nbsp;&nbsp;&nbsp;LL_IRQHandler1 (via Veneer)
</UL>

<P><STRONG><a name="[df]"></a>ll_hw_clr_irq</STRONG> (Thumb, 0 bytes, Stack size 0 bytes, bb_rom_sym_m0.txt(ABSOLUTE))
<BR><BR>[Called By]<UL><LI><a href="#[18a]">&gt;&gt;</a>&nbsp;&nbsp;&nbsp;rf_phy_direct_test (via Veneer)
<LI><a href="#[1a0]">&gt;&gt;</a>&nbsp;&nbsp;&nbsp;rf_phy_dtm_trigged (via Veneer)
<LI><a href="#[27]">&gt;&gt;</a>&nbsp;&nbsp;&nbsp;LL_IRQHandler1 (via Veneer)
</UL>

<P><STRONG><a name="[179]"></a>ll_hw_get_anchor</STRONG> (Thumb, 0 bytes, Stack size 0 bytes, bb_rom_sym_m0.txt(ABSOLUTE))
<BR><BR>[Called By]<UL><LI><a href="#[34]">&gt;&gt;</a>&nbsp;&nbsp;&nbsp;ll_adptive_adj_next_time1 (via Veneer)
</UL>

<P><STRONG><a name="[dd]"></a>ll_hw_get_irq_status</STRONG> (Thumb, 0 bytes, Stack size 0 bytes, bb_rom_sym_m0.txt(ABSOLUTE))
<BR><BR>[Called By]<UL><LI><a href="#[18a]">&gt;&gt;</a>&nbsp;&nbsp;&nbsp;rf_phy_direct_test (via Veneer)
<LI><a href="#[27]">&gt;&gt;</a>&nbsp;&nbsp;&nbsp;LL_IRQHandler1 (via Veneer)
</UL>

<P><STRONG><a name="[178]"></a>ll_hw_get_loop_cycle</STRONG> (Thumb, 0 bytes, Stack size 0 bytes, bb_rom_sym_m0.txt(ABSOLUTE))
<BR><BR>[Called By]<UL><LI><a href="#[34]">&gt;&gt;</a>&nbsp;&nbsp;&nbsp;ll_adptive_adj_next_time1 (via Veneer)
</UL>

<P><STRONG><a name="[17b]"></a>ll_hw_get_tfifo_wrptr</STRONG> (Thumb, 0 bytes, Stack size 0 bytes, bb_rom_sym_m0.txt(ABSOLUTE))
<BR><BR>[Called By]<UL><LI><a href="#[33]">&gt;&gt;</a>&nbsp;&nbsp;&nbsp;ll_generateTxBuffer1 (via Veneer)
</UL>

<P><STRONG><a name="[de]"></a>ll_hw_get_tr_mode</STRONG> (Thumb, 0 bytes, Stack size 0 bytes, bb_rom_sym_m0.txt(ABSOLUTE))
<BR><BR>[Called By]<UL><LI><a href="#[26]">&gt;&gt;</a>&nbsp;&nbsp;&nbsp;ll_hw_go1 (via Veneer)
<LI><a href="#[27]">&gt;&gt;</a>&nbsp;&nbsp;&nbsp;LL_IRQHandler1 (via Veneer)
</UL>

<P><STRONG><a name="[1cd]"></a>ll_hw_ign_rfifo</STRONG> (Thumb, 0 bytes, Stack size 0 bytes, bb_rom_sym_m0.txt(ABSOLUTE))
<BR><BR>[Called By]<UL><LI><a href="#[2e]">&gt;&gt;</a>&nbsp;&nbsp;&nbsp;wakeup_init1 (via Veneer)
</UL>

<P><STRONG><a name="[1a2]"></a>ll_hw_rst_tfifo</STRONG> (Thumb, 0 bytes, Stack size 0 bytes, bb_rom_sym_m0.txt(ABSOLUTE))
<BR><BR>[Called By]<UL><LI><a href="#[18a]">&gt;&gt;</a>&nbsp;&nbsp;&nbsp;rf_phy_direct_test (via Veneer)
<LI><a href="#[1a0]">&gt;&gt;</a>&nbsp;&nbsp;&nbsp;rf_phy_dtm_trigged (via Veneer)
</UL>

<P><STRONG><a name="[19c]"></a>ll_hw_set_crc_fmt</STRONG> (Thumb, 0 bytes, Stack size 0 bytes, bb_rom_sym_m0.txt(ABSOLUTE))
<BR><BR>[Called By]<UL><LI><a href="#[19b]">&gt;&gt;</a>&nbsp;&nbsp;&nbsp;rf_phy_bb_cfg (via Veneer)
</UL>

<P><STRONG><a name="[1ca]"></a>ll_hw_set_empty_head</STRONG> (Thumb, 0 bytes, Stack size 0 bytes, bb_rom_sym_m0.txt(ABSOLUTE))
<BR><BR>[Called By]<UL><LI><a href="#[2e]">&gt;&gt;</a>&nbsp;&nbsp;&nbsp;wakeup_init1 (via Veneer)
</UL>

<P><STRONG><a name="[1b0]"></a>ll_hw_set_irq</STRONG> (Thumb, 0 bytes, Stack size 0 bytes, bb_rom_sym_m0.txt(ABSOLUTE))
<BR><BR>[Called By]<UL><LI><a href="#[1a0]">&gt;&gt;</a>&nbsp;&nbsp;&nbsp;rf_phy_dtm_trigged (via Veneer)
</UL>

<P><STRONG><a name="[1cc]"></a>ll_hw_set_loop_timeout</STRONG> (Thumb, 0 bytes, Stack size 0 bytes, bb_rom_sym_m0.txt(ABSOLUTE))
<BR><BR>[Called By]<UL><LI><a href="#[2e]">&gt;&gt;</a>&nbsp;&nbsp;&nbsp;wakeup_init1 (via Veneer)
</UL>

<P><STRONG><a name="[ee]"></a>ll_hw_set_rx_timeout</STRONG> (Thumb, 0 bytes, Stack size 0 bytes, bb_rom_sym_m0.txt(ABSOLUTE))
<BR><BR>[Called By]<UL><LI><a href="#[2e]">&gt;&gt;</a>&nbsp;&nbsp;&nbsp;wakeup_init1 (via Veneer)
<LI><a href="#[26]">&gt;&gt;</a>&nbsp;&nbsp;&nbsp;ll_hw_go1 (via Veneer)
<LI><a href="#[27]">&gt;&gt;</a>&nbsp;&nbsp;&nbsp;LL_IRQHandler1 (via Veneer)
</UL>

<P><STRONG><a name="[1cb]"></a>ll_hw_set_rx_timeout_1st</STRONG> (Thumb, 0 bytes, Stack size 0 bytes, bb_rom_sym_m0.txt(ABSOLUTE))
<BR><BR>[Called By]<UL><LI><a href="#[2e]">&gt;&gt;</a>&nbsp;&nbsp;&nbsp;wakeup_init1 (via Veneer)
</UL>

<P><STRONG><a name="[1b2]"></a>ll_hw_set_srx</STRONG> (Thumb, 0 bytes, Stack size 0 bytes, bb_rom_sym_m0.txt(ABSOLUTE))
<BR><BR>[Called By]<UL><LI><a href="#[1a0]">&gt;&gt;</a>&nbsp;&nbsp;&nbsp;rf_phy_dtm_trigged (via Veneer)
</UL>

<P><STRONG><a name="[1b1]"></a>ll_hw_set_stx</STRONG> (Thumb, 0 bytes, Stack size 0 bytes, bb_rom_sym_m0.txt(ABSOLUTE))
<BR><BR>[Called By]<UL><LI><a href="#[1a0]">&gt;&gt;</a>&nbsp;&nbsp;&nbsp;rf_phy_dtm_trigged (via Veneer)
</UL>

<P><STRONG><a name="[1ac]"></a>ll_hw_set_timing</STRONG> (Thumb, 0 bytes, Stack size 0 bytes, bb_rom_sym_m0.txt(ABSOLUTE))
<BR><BR>[Called By]<UL><LI><a href="#[1a0]">&gt;&gt;</a>&nbsp;&nbsp;&nbsp;rf_phy_dtm_trigged (via Veneer)
<LI><a href="#[2e]">&gt;&gt;</a>&nbsp;&nbsp;&nbsp;wakeup_init1 (via Veneer)
</UL>

<P><STRONG><a name="[1a1]"></a>ll_hw_set_trx_settle</STRONG> (Thumb, 0 bytes, Stack size 0 bytes, bb_rom_sym_m0.txt(ABSOLUTE))
<BR><BR>[Called By]<UL><LI><a href="#[18a]">&gt;&gt;</a>&nbsp;&nbsp;&nbsp;rf_phy_direct_test (via Veneer)
</UL>

<P><STRONG><a name="[1a3]"></a>ll_hw_trigger</STRONG> (Thumb, 0 bytes, Stack size 0 bytes, bb_rom_sym_m0.txt(ABSOLUTE))
<BR><BR>[Called By]<UL><LI><a href="#[18a]">&gt;&gt;</a>&nbsp;&nbsp;&nbsp;rf_phy_direct_test (via Veneer)
<LI><a href="#[1a0]">&gt;&gt;</a>&nbsp;&nbsp;&nbsp;rf_phy_dtm_trigged (via Veneer)
</UL>

<P><STRONG><a name="[1b4]"></a>ll_hw_tx2rx_timing_config</STRONG> (Thumb, 0 bytes, Stack size 0 bytes, bb_rom_sym_m0.txt(ABSOLUTE))
<BR><BR>[Called By]<UL><LI><a href="#[23]">&gt;&gt;</a>&nbsp;&nbsp;&nbsp;rf_phy_ini (via Veneer)
<LI><a href="#[2f]">&gt;&gt;</a>&nbsp;&nbsp;&nbsp;wakeupProcess1 (via Veneer)
</UL>

<P><STRONG><a name="[17a]"></a>ll_hw_write_tfifo</STRONG> (Thumb, 0 bytes, Stack size 0 bytes, bb_rom_sym_m0.txt(ABSOLUTE))
<BR><BR>[Called By]<UL><LI><a href="#[1af]">&gt;&gt;</a>&nbsp;&nbsp;&nbsp;rf_phy_dtm_zigbee_pkt_gen (via Veneer)
<LI><a href="#[1a6]">&gt;&gt;</a>&nbsp;&nbsp;&nbsp;rf_phy_dtm_ble_pkt_gen (via Veneer)
<LI><a href="#[33]">&gt;&gt;</a>&nbsp;&nbsp;&nbsp;ll_generateTxBuffer1 (via Veneer)
</UL>

<P><STRONG><a name="[e8]"></a>ll_processBasicIRQ</STRONG> (Thumb, 0 bytes, Stack size 0 bytes, bb_rom_sym_m0.txt(ABSOLUTE))
<BR><BR>[Called By]<UL><LI><a href="#[e9]">&gt;&gt;</a>&nbsp;&nbsp;&nbsp;ll_processBasicIRQ_secondaryScanSRX (via Veneer)
<LI><a href="#[ea]">&gt;&gt;</a>&nbsp;&nbsp;&nbsp;ll_processBasicIRQ_secondaryInitSRX (via Veneer)
<LI><a href="#[e6]">&gt;&gt;</a>&nbsp;&nbsp;&nbsp;ll_processBasicIRQ_secondaryAdvTRX (via Veneer)
<LI><a href="#[e7]">&gt;&gt;</a>&nbsp;&nbsp;&nbsp;ll_processBasicIRQ_ScanTRX (via Veneer)
<LI><a href="#[e5]">&gt;&gt;</a>&nbsp;&nbsp;&nbsp;ll_processBasicIRQ_SRX (via Veneer)
<LI><a href="#[27]">&gt;&gt;</a>&nbsp;&nbsp;&nbsp;LL_IRQHandler1 (via Veneer)
</UL>

<P><STRONG><a name="[e0]"></a>ll_processExtAdvIRQ</STRONG> (Thumb, 0 bytes, Stack size 0 bytes, bb_rom_sym_m0.txt(ABSOLUTE))
<BR><BR>[Called By]<UL><LI><a href="#[27]">&gt;&gt;</a>&nbsp;&nbsp;&nbsp;LL_IRQHandler1 (via Veneer)
</UL>

<P><STRONG><a name="[e2]"></a>ll_processExtInitIRQ</STRONG> (Thumb, 0 bytes, Stack size 0 bytes, bb_rom_sym_m0.txt(ABSOLUTE))
<BR><BR>[Called By]<UL><LI><a href="#[27]">&gt;&gt;</a>&nbsp;&nbsp;&nbsp;LL_IRQHandler1 (via Veneer)
</UL>

<P><STRONG><a name="[e1]"></a>ll_processExtScanIRQ</STRONG> (Thumb, 0 bytes, Stack size 0 bytes, bb_rom_sym_m0.txt(ABSOLUTE))
<BR><BR>[Called By]<UL><LI><a href="#[27]">&gt;&gt;</a>&nbsp;&nbsp;&nbsp;LL_IRQHandler1 (via Veneer)
</UL>

<P><STRONG><a name="[e3]"></a>ll_processPrdAdvIRQ</STRONG> (Thumb, 0 bytes, Stack size 0 bytes, bb_rom_sym_m0.txt(ABSOLUTE))
<BR><BR>[Called By]<UL><LI><a href="#[27]">&gt;&gt;</a>&nbsp;&nbsp;&nbsp;LL_IRQHandler1 (via Veneer)
</UL>

<P><STRONG><a name="[e4]"></a>ll_processPrdScanIRQ</STRONG> (Thumb, 0 bytes, Stack size 0 bytes, bb_rom_sym_m0.txt(ABSOLUTE))
<BR><BR>[Called By]<UL><LI><a href="#[27]">&gt;&gt;</a>&nbsp;&nbsp;&nbsp;LL_IRQHandler1 (via Veneer)
</UL>

<P><STRONG><a name="[eb]"></a>ll_schedule_next_event</STRONG> (Thumb, 0 bytes, Stack size 0 bytes, bb_rom_sym_m0.txt(ABSOLUTE))
<BR><BR>[Called By]<UL><LI><a href="#[27]">&gt;&gt;</a>&nbsp;&nbsp;&nbsp;LL_IRQHandler1 (via Veneer)
</UL>

<P><STRONG><a name="[181]"></a>ll_scheduler0</STRONG> (Thumb, 0 bytes, Stack size 0 bytes, bb_rom_sym_m0.txt(ABSOLUTE))
<BR><BR>[Called By]<UL><LI><a href="#[1a]">&gt;&gt;</a>&nbsp;&nbsp;&nbsp;ll_scheduler2 (via Veneer)
</UL>

<P><STRONG><a name="[125]"></a>log_printf</STRONG> (Thumb, 0 bytes, Stack size 0 bytes, bb_rom_sym_m0.txt(ABSOLUTE))
<BR><BR>[Called By]<UL><LI><a href="#[d]">&gt;&gt;</a>&nbsp;&nbsp;&nbsp;_hard_fault (via Veneer)
</UL>

<P><STRONG><a name="[1c6]"></a>osalTimeUpdate</STRONG> (Thumb, 0 bytes, Stack size 0 bytes, bb_rom_sym_m0.txt(ABSOLUTE))
<BR><BR>[Called By]<UL><LI><a href="#[484]">&gt;&gt;</a>&nbsp;&nbsp;&nbsp;ty_timer_start (via Veneer)
<LI><a href="#[2f]">&gt;&gt;</a>&nbsp;&nbsp;&nbsp;wakeupProcess1 (via Veneer)
</UL>

<P><STRONG><a name="[18f]"></a>osal_CbTimerInit</STRONG> (Thumb, 0 bytes, Stack size 0 bytes, bb_rom_sym_m0.txt(ABSOLUTE))
<BR><BR>[Called By]<UL><LI><a href="#[20]">&gt;&gt;</a>&nbsp;&nbsp;&nbsp;osalInitTasks (via Veneer)
</UL>

<P><STRONG><a name="[7a]"></a>osal_CbTimerProcessEvent</STRONG> (Thumb, 0 bytes, Stack size 0 bytes, bb_rom_sym_m0.txt(ABSOLUTE), UNUSED)
<BR>[Address Reference Count : 1]<UL><LI> osal_simplebleperipheral.o(.constdata)
</UL>
<P><STRONG><a name="[33b]"></a>osal_CbTimerStart</STRONG> (Thumb, 0 bytes, Stack size 0 bytes, bb_rom_sym_m0.txt(ABSOLUTE))
<BR><BR>[Called By]<UL><LI><a href="#[379]">&gt;&gt;</a>&nbsp;&nbsp;&nbsp;smStartRspTimer (via Veneer)
<LI><a href="#[9]">&gt;&gt;</a>&nbsp;&nbsp;&nbsp;smResponderSendNextKeyInfo (via Veneer)
<LI><a href="#[23f]">&gt;&gt;</a>&nbsp;&nbsp;&nbsp;l2capSendReq (via Veneer)
</UL>

<P><STRONG><a name="[2f7]"></a>osal_CbTimerStop</STRONG> (Thumb, 0 bytes, Stack size 0 bytes, bb_rom_sym_m0.txt(ABSOLUTE))
<BR><BR>[Called By]<UL><LI><a href="#[35f]">&gt;&gt;</a>&nbsp;&nbsp;&nbsp;smStopRspTimer (via Veneer)
<LI><a href="#[334]">&gt;&gt;</a>&nbsp;&nbsp;&nbsp;l2capStopTimer (via Veneer)
<LI><a href="#[2ed]">&gt;&gt;</a>&nbsp;&nbsp;&nbsp;gattStopTimer (via Veneer)
</UL>

<P><STRONG><a name="[383]"></a>osal_CbTimerUpdate</STRONG> (Thumb, 0 bytes, Stack size 0 bytes, bb_rom_sym_m0.txt(ABSOLUTE))
<BR><BR>[Called By]<UL><LI><a href="#[379]">&gt;&gt;</a>&nbsp;&nbsp;&nbsp;smStartRspTimer (via Veneer)
</UL>

<P><STRONG><a name="[24e]"></a>osal_bm_adjust_header</STRONG> (Thumb, 0 bytes, Stack size 0 bytes, bb_rom_sym_m0.txt(ABSOLUTE))
<BR><BR>[Called By]<UL><LI><a href="#[32e]">&gt;&gt;</a>&nbsp;&nbsp;&nbsp;l2capParsePacket (via Veneer)
<LI><a href="#[24b]">&gt;&gt;</a>&nbsp;&nbsp;&nbsp;l2capEncapSendData (via Veneer)
<LI><a href="#[24c]">&gt;&gt;</a>&nbsp;&nbsp;&nbsp;L2CAP_bm_alloc (via Veneer)
</UL>

<P><STRONG><a name="[247]"></a>osal_bm_free</STRONG> (Thumb, 0 bytes, Stack size 0 bytes, bb_rom_sym_m0.txt(ABSOLUTE))
<BR><BR>[Called By]<UL><LI><a href="#[1d6]">&gt;&gt;</a>&nbsp;&nbsp;&nbsp;attSendMsg (via Veneer)
<LI><a href="#[32b]">&gt;&gt;</a>&nbsp;&nbsp;&nbsp;l2capPktToSegmentBuff (via Veneer)
<LI><a href="#[257]">&gt;&gt;</a>&nbsp;&nbsp;&nbsp;smProcessOSALMsg (via Veneer)
<LI><a href="#[244]">&gt;&gt;</a>&nbsp;&nbsp;&nbsp;l2capSarBufReset (via Veneer)
<LI><a href="#[245]">&gt;&gt;</a>&nbsp;&nbsp;&nbsp;l2capProcessRxData (via Veneer)
<LI><a href="#[23d]">&gt;&gt;</a>&nbsp;&nbsp;&nbsp;l2capSendCmd (via Veneer)
<LI><a href="#[235]">&gt;&gt;</a>&nbsp;&nbsp;&nbsp;gattProcessRxData (via Veneer)
<LI><a href="#[248]">&gt;&gt;</a>&nbsp;&nbsp;&nbsp;L2CAP_SegmentPkt_Reset (via Veneer)
<LI><a href="#[246]">&gt;&gt;</a>&nbsp;&nbsp;&nbsp;L2CAP_ReassemblePkt_Reset (via Veneer)
<LI><a href="#[361]">&gt;&gt;</a>&nbsp;&nbsp;&nbsp;smSendSMMsg (via Veneer)
</UL>

<P><STRONG><a name="[1f4]"></a>osal_get_timeoutEx</STRONG> (Thumb, 0 bytes, Stack size 0 bytes, bb_rom_sym_m0.txt(ABSOLUTE))
<BR><BR>[Called By]<UL><LI><a href="#[1f1]">&gt;&gt;</a>&nbsp;&nbsp;&nbsp;GAPRole_SetParameter (via Veneer)
<LI><a href="#[2e4]">&gt;&gt;</a>&nbsp;&nbsp;&nbsp;gapRole_ProcessGAPMsg (via Veneer)
</UL>

<P><STRONG><a name="[12e]"></a>osal_init_system</STRONG> (Thumb, 0 bytes, Stack size 0 bytes, bb_rom_sym_m0.txt(ABSOLUTE))
<BR><BR>[Called By]<UL><LI><a href="#[12d]">&gt;&gt;</a>&nbsp;&nbsp;&nbsp;app_main (via Veneer)
</UL>

<P><STRONG><a name="[20f]"></a>osal_isbufset</STRONG> (Thumb, 0 bytes, Stack size 0 bytes, bb_rom_sym_m0.txt(ABSOLUTE))
<BR><BR>[Called By]<UL><LI><a href="#[1fa]">&gt;&gt;</a>&nbsp;&nbsp;&nbsp;GAP_SecParamsInit (via Veneer)
</UL>

[...]
</UL>

<P><STRONG><a name="[330]"></a>l2capProcessRsp</STRONG> (Thumb, 104 bytes, Stack size 56 bytes, l2cap_task.o(i.l2capProcessRsp))
<BR><BR>[Stack]<UL><LI>Max Depth = 96<LI>Call Chain = l2capProcessRsp &rArr; l2capNotifySignal
</UL>
<BR>[Calls]<UL><LI><a href="#[334]">&gt;&gt;</a>&nbsp;&nbsp;&nbsp;l2capStopTimer
<LI><a href="#[333]">&gt;&gt;</a>&nbsp;&nbsp;&nbsp;l2capParseParamUpdateRsp
<LI><a href="#[332]">&gt;&gt;</a>&nbsp;&nbsp;&nbsp;l2capParseCmdReject
<LI><a href="#[32c]">&gt;&gt;</a>&nbsp;&nbsp;&nbsp;l2capNotifySignal
<LI><a href="#[335]">&gt;&gt;</a>&nbsp;&nbsp;&nbsp;l2capFreeChannel
<LI><a href="#[331]">&gt;&gt;</a>&nbsp;&nbsp;&nbsp;l2capFindLocalId
</UL>
<BR>[Called By]<UL><LI><a href="#[336]">&gt;&gt;</a>&nbsp;&nbsp;&nbsp;l2capProcessSignal
</UL>

<P><STRONG><a name="[245]"></a>l2capProcessRxData</STRONG> (Thumb, 142 bytes, Stack size 32 bytes, l2cap_task.o(i.l2capProcessRxData))
<BR><BR>[Stack]<UL><LI>Max Depth = 256<LI>Call Chain = l2capProcessRxData &rArr; l2capProcessSignal &rArr; L2CAP_CmdReject &rArr; l2capSendCmd &rArr; l2capEncapSendData &rArr; l2capPktToSegmentBuff &rArr; L2CAP_Fragment_bm_alloc
</UL>
<BR>[Calls]<UL><LI><a href="#[247]">&gt;&gt;</a>&nbsp;&nbsp;&nbsp;osal_bm_free (via Veneer)
<LI><a href="#[32e]">&gt;&gt;</a>&nbsp;&nbsp;&nbsp;l2capParsePacket
<LI><a href="#[32d]">&gt;&gt;</a>&nbsp;&nbsp;&nbsp;l2capNotifyData
<LI><a href="#[336]">&gt;&gt;</a>&nbsp;&nbsp;&nbsp;l2capProcessSignal
<LI><a href="#[22c]">&gt;&gt;</a>&nbsp;&nbsp;&nbsp;L2CAP_HostNumCompletedPkts
</UL>
<BR>[Called By]<UL><LI><a href="#[7b]">&gt;&gt;</a>&nbsp;&nbsp;&nbsp;L2CAP_ProcessEvent
</UL>

<P><STRONG><a name="[336]"></a>l2capProcessSignal</STRONG> (Thumb, 164 bytes, Stack size 40 bytes, l2cap_task.o(i.l2capProcessSignal))
<BR><BR>[Stack]<UL><LI>Max Depth = 224<LI>Call Chain = l2capProcessSignal &rArr; L2CAP_CmdReject &rArr; l2capSendCmd &rArr; l2capEncapSendData &rArr; l2capPktToSegmentBuff &rArr; L2CAP_Fragment_bm_alloc
</UL>
<BR>[Calls]<UL><LI><a href="#[337]">&gt;&gt;</a>&nbsp;&nbsp;&nbsp;l2capParseSignalHdr
<LI><a href="#[32c]">&gt;&gt;</a>&nbsp;&nbsp;&nbsp;l2capNotifySignal
<LI><a href="#[339]">&gt;&gt;</a>&nbsp;&nbsp;&nbsp;l2capHandleRxError
<LI><a href="#[338]">&gt;&gt;</a>&nbsp;&nbsp;&nbsp;L2CAP_ParseParamUpdateReq
<LI><a href="#[330]">&gt;&gt;</a>&nbsp;&nbsp;&nbsp;l2capProcessRsp
<LI><a href="#[23c]">&gt;&gt;</a>&nbsp;&nbsp;&nbsp;L2CAP_CmdReject
</UL>
<BR>[Called By]<UL><LI><a href="#[245]">&gt;&gt;</a>&nbsp;&nbsp;&nbsp;l2capProcessRxData
</UL>

<P><STRONG><a name="[33c]"></a>reportStatusChange</STRONG> (Thumb, 34 bytes, Stack size 24 bytes, linkdb.o(i.reportStatusChange))
<BR><BR>[Stack]<UL><LI>Max Depth = 24<LI>Call Chain = reportStatusChange
</UL>
<BR>[Called By]<UL><LI><a href="#[2db]">&gt;&gt;</a>&nbsp;&nbsp;&nbsp;linkDB_Remove
<LI><a href="#[2d8]">&gt;&gt;</a>&nbsp;&nbsp;&nbsp;linkDB_Add
</UL>

<P><STRONG><a name="[a]"></a>smResponderProcessLTKReq</STRONG> (Thumb, 224 bytes, Stack size 64 bytes, sm_rsppairing.o(i.smResponderProcessLTKReq))
<BR><BR>[Stack]<UL><LI>Max Depth = 192<LI>Call Chain = smResponderProcessLTKReq &rArr; smEndPairing &rArr; gapPairingCompleteCB &rArr; sendAuthEvent &rArr; gapFreeAuthLink
</UL>
<BR>[Calls]<UL><LI><a href="#[17f]">&gt;&gt;</a>&nbsp;&nbsp;&nbsp;osal_memcpy (via Veneer)
<LI><a href="#[18c]">&gt;&gt;</a>&nbsp;&nbsp;&nbsp;osal_memset (via Veneer)
<LI><a href="#[13b]">&gt;&gt;</a>&nbsp;&nbsp;&nbsp;osal_memcmp (via Veneer)
<LI><a href="#[d3]">&gt;&gt;</a>&nbsp;&nbsp;&nbsp;HCI_LE_LtkReqReplyCmd (via Veneer)
<LI><a href="#[d0]">&gt;&gt;</a>&nbsp;&nbsp;&nbsp;HCI_LE_LtkReqNegReplyCmd (via Veneer)
<LI><a href="#[37d]">&gt;&gt;</a>&nbsp;&nbsp;&nbsp;sm_s1
<LI><a href="#[35d]">&gt;&gt;</a>&nbsp;&nbsp;&nbsp;smEndPairing
<LI><a href="#[37e]">&gt;&gt;</a>&nbsp;&nbsp;&nbsp;smDetermineKeySize
<LI><a href="#[212]">&gt;&gt;</a>&nbsp;&nbsp;&nbsp;linkDB_Find
</UL>
<BR>[Address Reference Count : 1]<UL><LI> sm_rsppairing.o(.data)
</UL>
<P><STRONG><a name="[9]"></a>smResponderSendNextKeyInfo</STRONG> (Thumb, 428 bytes, Stack size 32 bytes, sm_rsppairing.o(i.smResponderSendNextKeyInfo))
<BR><BR>[Stack]<UL><LI>Max Depth = 216<LI>Call Chain = smResponderSendNextKeyInfo &rArr; smPairingSendMasterID &rArr; smSendSMMsg &rArr; L2CAP_SendData &rArr; l2capEncapSendData &rArr; l2capPktToSegmentBuff &rArr; L2CAP_Fragment_bm_alloc
</UL>
<BR>[Calls]<UL><LI><a href="#[18c]">&gt;&gt;</a>&nbsp;&nbsp;&nbsp;osal_memset (via Veneer)
<LI><a href="#[18b]">&gt;&gt;</a>&nbsp;&nbsp;&nbsp;osal_mem_alloc (via Veneer)
<LI><a href="#[f1]">&gt;&gt;</a>&nbsp;&nbsp;&nbsp;__ARM_common_switch8 (via Veneer)
<LI><a href="#[364]">&gt;&gt;</a>&nbsp;&nbsp;&nbsp;osal_rand (via Veneer)
<LI><a href="#[33b]">&gt;&gt;</a>&nbsp;&nbsp;&nbsp;osal_CbTimerStart (via Veneer)
<LI><a href="#[36b]">&gt;&gt;</a>&nbsp;&nbsp;&nbsp;smPairingSendSingingInfo
<LI><a href="#[36a]">&gt;&gt;</a>&nbsp;&nbsp;&nbsp;smPairingSendMasterID
<LI><a href="#[369]">&gt;&gt;</a>&nbsp;&nbsp;&nbsp;smPairingSendIdentityInfo
<LI><a href="#[368]">&gt;&gt;</a>&nbsp;&nbsp;&nbsp;smPairingSendIdentityAddrInfo
<LI><a href="#[367]">&gt;&gt;</a>&nbsp;&nbsp;&nbsp;smPairingSendEncInfo
<LI><a href="#[37e]">&gt;&gt;</a>&nbsp;&nbsp;&nbsp;smDetermineKeySize
<LI><a href="#[210]">&gt;&gt;</a>&nbsp;&nbsp;&nbsp;smGenerateRandBuf
<LI><a href="#[212]">&gt;&gt;</a>&nbsp;&nbsp;&nbsp;linkDB_Find
<LI><a href="#[253]">&gt;&gt;</a>&nbsp;&nbsp;&nbsp;gapGetSRK
<LI><a href="#[20c]">&gt;&gt;</a>&nbsp;&nbsp;&nbsp;gapGetIRK
<LI><a href="#[37f]">&gt;&gt;</a>&nbsp;&nbsp;&nbsp;gapGetDevAddressMode
<LI><a href="#[380]">&gt;&gt;</a>&nbsp;&nbsp;&nbsp;gapGetDevAddress
</UL>
<BR>[Address Reference Count : 1]<UL><LI> sm_rsppairing.o(.data)
</UL>
<P><STRONG><a name="[38a]"></a>smpResponderProcessEncryptionInformation</STRONG> (Thumb, 76 bytes, Stack size 24 bytes, sm_rsppairing.o(i.smpResponderProcessEncryptionInformation))
<BR><BR>[Stack]<UL><LI>Max Depth = 24<LI>Call Chain = smpResponderProcessEncryptionInformation
</UL>
<BR>[Calls]<UL><LI><a href="#[17f]">&gt;&gt;</a>&nbsp;&nbsp;&nbsp;osal_memcpy (via Veneer)
<LI><a href="#[18b]">&gt;&gt;</a>&nbsp;&nbsp;&nbsp;osal_mem_alloc (via Veneer)
<LI><a href="#[37e]">&gt;&gt;</a>&nbsp;&nbsp;&nbsp;smDetermineKeySize
</UL>
<BR>[Called By]<UL><LI><a href="#[8]">&gt;&gt;</a>&nbsp;&nbsp;&nbsp;smpResponderProcessIncoming
</UL>

<P><STRONG><a name="[38b]"></a>smpResponderProcessIdentityAddrInfo</STRONG> (Thumb, 68 bytes, Stack size 16 bytes, sm_rsppairing.o(i.smpResponderProcessIdentityAddrInfo))
<BR><BR>[Stack]<UL><LI>Max Depth = 144<LI>Call Chain = smpResponderProcessIdentityAddrInfo &rArr; smEndPairing &rArr; gapPairingCompleteCB &rArr; sendAuthEvent &rArr; gapFreeAuthLink
</UL>
<BR>[Calls]<UL><LI><a href="#[17f]">&gt;&gt;</a>&nbsp;&nbsp;&nbsp;osal_memcpy (via Veneer)
<LI><a href="#[35d]">&gt;&gt;</a>&nbsp;&nbsp;&nbsp;smEndPairing
</UL>
<BR>[Called By]<UL><LI><a href="#[8]">&gt;&gt;</a>&nbsp;&nbsp;&nbsp;smpResponderProcessIncoming
</UL>

<P><STRONG><a name="[38c]"></a>smpResponderProcessIdentityInfo</STRONG> (Thumb, 62 bytes, Stack size 16 bytes, sm_rsppairing.o(i.smpResponderProcessIdentityInfo))
<BR><BR>[Stack]<UL><LI>Max Depth = 16<LI>Call Chain = smpResponderProcessIdentityInfo
</UL>
<BR>[Calls]<UL><LI><a href="#[17f]">&gt;&gt;</a>&nbsp;&nbsp;&nbsp;osal_memcpy (via Veneer)
<LI><a href="#[18b]">&gt;&gt;</a>&nbsp;&nbsp;&nbsp;osal_mem_alloc (via Veneer)
</UL>
<BR>[Called By]<UL><LI><a href="#[8]">&gt;&gt;</a>&nbsp;&nbsp;&nbsp;smpResponderProcessIncoming
</UL>

<P><STRONG><a name="[8]"></a>smpResponderProcessIncoming</STRONG> (Thumb, 176 bytes, Stack size 32 bytes, sm_rsppairing.o(i.smpResponderProcessIncoming))
<BR><BR>[Stack]<UL><LI>Max Depth = 288<LI>Call Chain = smpResponderProcessIncoming &rArr; smpResponderProcessPairingRandom &rArr; sm_c1 &rArr; sm_c1new &rArr; sm_xor
</UL>
<BR>[Calls]<UL><LI><a href="#[f1]">&gt;&gt;</a>&nbsp;&nbsp;&nbsp;__ARM_common_switch8 (via Veneer)
<LI><a href="#[35d]">&gt;&gt;</a>&nbsp;&nbsp;&nbsp;smEndPairing
<LI><a href="#[389]">&gt;&gt;</a>&nbsp;&nbsp;&nbsp;smAuthReqToUint8
<LI><a href="#[38d]">&gt;&gt;</a>&nbsp;&nbsp;&nbsp;smpResponderProcessPairingReq
<LI><a href="#[391]">&gt;&gt;</a>&nbsp;&nbsp;&nbsp;smpResponderProcessSigningInfo
<LI><a href="#[38f]">&gt;&gt;</a>&nbsp;&nbsp;&nbsp;smpResponderProcessPairingRandom
<LI><a href="#[38e]">&gt;&gt;</a>&nbsp;&nbsp;&nbsp;smpResponderProcessPairingConfirm
<LI><a href="#[390]">&gt;&gt;</a>&nbsp;&nbsp;&nbsp;smpResponderProcessMasterID
<LI><a href="#[38c]">&gt;&gt;</a>&nbsp;&nbsp;&nbsp;smpResponderProcessIdentityInfo
<LI><a href="#[38b]">&gt;&gt;</a>&nbsp;&nbsp;&nbsp;smpResponderProcessIdentityAddrInfo
<LI><a href="#[38a]">&gt;&gt;</a>&nbsp;&nbsp;&nbsp;smpResponderProcessEncryptionInformation
<LI><a href="#[2e7]">&gt;&gt;</a>&nbsp;&nbsp;&nbsp;gapSendPairingReqEvent
</UL>
<BR>[Address Reference Count : 1]<UL><LI> sm_rsppairing.o(.data)
</UL>
<P><STRONG><a name="[390]"></a>smpResponderProcessMasterID</STRONG> (Thumb, 96 bytes, Stack size 16 bytes, sm_rsppairing.o(i.smpResponderProcessMasterID))
<BR><BR>[Stack]<UL><LI>Max Depth = 144<LI>Call Chain = smpResponderProcessMasterID &rArr; smEndPairing &rArr; gapPairingCompleteCB &rArr; sendAuthEvent &rArr; gapFreeAuthLink
</UL>
<BR>[Calls]<UL><LI><a href="#[17f]">&gt;&gt;</a>&nbsp;&nbsp;&nbsp;osal_memcpy (via Veneer)
<LI><a href="#[35d]">&gt;&gt;</a>&nbsp;&nbsp;&nbsp;smEndPairing
</UL>
<BR>[Called By]<UL><LI><a href="#[8]">&gt;&gt;</a>&nbsp;&nbsp;&nbsp;smpResponderProcessIncoming
</UL>

<P><STRONG><a name="[38e]"></a>smpResponderProcessPairingConfirm</STRONG> (Thumb, 70 bytes, Stack size 24 bytes, sm_rsppairing.o(i.smpResponderProcessPairingConfirm))
<BR><BR>[Stack]<UL><LI>Max Depth = 240<LI>Call Chain = smpResponderProcessPairingConfirm &rArr; sm_c1 &rArr; sm_c1new &rArr; sm_xor
</UL>
<BR>[Calls]<UL><LI><a href="#[17f]">&gt;&gt;</a>&nbsp;&nbsp;&nbsp;osal_memcpy (via Veneer)
<LI><a href="#[385]">&gt;&gt;</a>&nbsp;&nbsp;&nbsp;sm_c1
<LI><a href="#[360]">&gt;&gt;</a>&nbsp;&nbsp;&nbsp;smGenerateConfirm
</UL>
<BR>[Called By]<UL><LI><a href="#[8]">&gt;&gt;</a>&nbsp;&nbsp;&nbsp;smpResponderProcessIncoming
</UL>

<P><STRONG><a name="[38f]"></a>smpResponderProcessPairingRandom</STRONG> (Thumb, 84 bytes, Stack size 40 bytes, sm_rsppairing.o(i.smpResponderProcessPairingRandom))
<BR><BR>[Stack]<UL><LI>Max Depth = 256<LI>Call Chain = smpResponderProcessPairingRandom &rArr; sm_c1 &rArr; sm_c1new &rArr; sm_xor
</UL>
<BR>[Calls]<UL><LI><a href="#[17f]">&gt;&gt;</a>&nbsp;&nbsp;&nbsp;osal_memcpy (via Veneer)
<LI><a href="#[13b]">&gt;&gt;</a>&nbsp;&nbsp;&nbsp;osal_memcmp (via Veneer)
<LI><a href="#[385]">&gt;&gt;</a>&nbsp;&nbsp;&nbsp;sm_c1
<LI><a href="#[365]">&gt;&gt;</a>&nbsp;&nbsp;&nbsp;smGenerateRandMsg
</UL>
<BR>[Called By]<UL><LI><a href="#[8]">&gt;&gt;</a>&nbsp;&nbsp;&nbsp;smpResponderProcessIncoming
</UL>

<P><STRONG><a name="[391]"></a>smpResponderProcessSigningInfo</STRONG> (Thumb, 78 bytes, Stack size 24 bytes, sm_rsppairing.o(i.smpResponderProcessSigningInfo))
<BR><BR>[Stack]<UL><LI>Max Depth = 152<LI>Call Chain = smpResponderProcessSigningInfo &rArr; smEndPairing &rArr; gapPairingCompleteCB &rArr; sendAuthEvent &rArr; gapFreeAuthLink
</UL>
<BR>[Calls]<UL><LI><a href="#[17f]">&gt;&gt;</a>&nbsp;&nbsp;&nbsp;osal_memcpy (via Veneer)
<LI><a href="#[18b]">&gt;&gt;</a>&nbsp;&nbsp;&nbsp;osal_mem_alloc (via Veneer)
<LI><a href="#[35d]">&gt;&gt;</a>&nbsp;&nbsp;&nbsp;smEndPairing
</UL>
<BR>[Called By]<UL><LI><a href="#[8]">&gt;&gt;</a>&nbsp;&nbsp;&nbsp;smpResponderProcessIncoming
</UL>

<P><STRONG><a name="[257]"></a>smProcessOSALMsg</STRONG> (Thumb, 134 bytes, Stack size 16 bytes, sm_task.o(i.smProcessOSALMsg))
<BR><BR>[Stack]<UL><LI>Max Depth = 224<LI>Call Chain = smProcessOSALMsg &rArr; smProcessDataMsg &rArr; smSendFailAndEnd &rArr; smSendSMMsg &rArr; L2CAP_SendData &rArr; l2capEncapSendData &rArr; l2capPktToSegmentBuff &rArr; L2CAP_Fragment_bm_alloc
</UL>
<BR>[Calls]<UL><LI><a href="#[247]">&gt;&gt;</a>&nbsp;&nbsp;&nbsp;osal_bm_free (via Veneer)
<LI><a href="#[37b]">&gt;&gt;</a>&nbsp;&nbsp;&nbsp;smProcessRandComplete
<LI><a href="#[37a]">&gt;&gt;</a>&nbsp;&nbsp;&nbsp;smProcessEncryptChange
<LI><a href="#[36c]">&gt;&gt;</a>&nbsp;&nbsp;&nbsp;smProcessDataMsg
</UL>
<BR>[Called By]<UL><LI><a href="#[7c]">&gt;&gt;</a>&nbsp;&nbsp;&nbsp;SM_ProcessEvent
</UL>

<P><STRONG><a name="[54]"></a>l2capHandleTimerCB</STRONG> (Thumb, 40 bytes, Stack size 24 bytes, l2cap_util.o(i.l2capHandleTimerCB))
<BR><BR>[Stack]<UL><LI>Max Depth = 64<LI>Call Chain = l2capHandleTimerCB &rArr; l2capNotifySignal
</UL>
<BR>[Calls]<UL><LI><a href="#[32c]">&gt;&gt;</a>&nbsp;&nbsp;&nbsp;l2capNotifySignal
</UL>
<BR>[Address Reference Count : 1]<UL><LI> l2cap_util.o(i.l2capSendReq)
</UL>
<P><STRONG><a name="[2f8]"></a>generate_subkey</STRONG> (Thumb, 148 bytes, Stack size 32 bytes, sm_mgr.o(i.generate_subkey))
<BR><BR>[Stack]<UL><LI>Max Depth = 44<LI>Call Chain = generate_subkey &rArr; xor_128
</UL>
<BR>[Calls]<UL><LI><a href="#[18c]">&gt;&gt;</a>&nbsp;&nbsp;&nbsp;osal_memset (via Veneer)
<LI><a href="#[206]">&gt;&gt;</a>&nbsp;&nbsp;&nbsp;osal_mem_free (via Veneer)
<LI><a href="#[18b]">&gt;&gt;</a>&nbsp;&nbsp;&nbsp;osal_mem_alloc (via Veneer)
<LI><a href="#[2fb]">&gt;&gt;</a>&nbsp;&nbsp;&nbsp;xor_128
<LI><a href="#[2f9]">&gt;&gt;</a>&nbsp;&nbsp;&nbsp;smEncryptLocal
<LI><a href="#[2fa]">&gt;&gt;</a>&nbsp;&nbsp;&nbsp;leftshift_onebit
</UL>
<BR>[Called By]<UL><LI><a href="#[254]">&gt;&gt;</a>&nbsp;&nbsp;&nbsp;sm_CMAC
</UL>

<P><STRONG><a name="[2fa]"></a>leftshift_onebit</STRONG> (Thumb, 28 bytes, Stack size 8 bytes, sm_mgr.o(i.leftshift_onebit))
<BR><BR>[Stack]<UL><LI>Max Depth = 8<LI>Call Chain = leftshift_onebit
</UL>
<BR>[Called By]<UL><LI><a href="#[2f8]">&gt;&gt;</a>&nbsp;&nbsp;&nbsp;generate_subkey
</UL>

<P><STRONG><a name="[35b]"></a>smEncrypt</STRONG> (Thumb, 16 bytes, Stack size 8 bytes, sm_mgr.o(i.smEncrypt))
<BR><BR>[Stack]<UL><LI>Max Depth = 8<LI>Call Chain = smEncrypt
</UL>
<BR>[Calls]<UL><LI><a href="#[35c]">&gt;&gt;</a>&nbsp;&nbsp;&nbsp;LL_Encrypt (via Veneer)
</UL>
<BR>[Called By]<UL><LI><a href="#[386]">&gt;&gt;</a>&nbsp;&nbsp;&nbsp;sm_c1new
<LI><a href="#[24f]">&gt;&gt;</a>&nbsp;&nbsp;&nbsp;sm_ah
<LI><a href="#[37d]">&gt;&gt;</a>&nbsp;&nbsp;&nbsp;sm_s1
</UL>

<P><STRONG><a name="[2f9]"></a>smEncryptLocal</STRONG> (Thumb, 8 bytes, Stack size 8 bytes, sm_mgr.o(i.smEncryptLocal))
<BR><BR>[Stack]<UL><LI>Max Depth = 8<LI>Call Chain = smEncryptLocal
</UL>
<BR>[Calls]<UL><LI><a href="#[35c]">&gt;&gt;</a>&nbsp;&nbsp;&nbsp;LL_Encrypt (via Veneer)
</UL>
<BR>[Called By]<UL><LI><a href="#[254]">&gt;&gt;</a>&nbsp;&nbsp;&nbsp;sm_CMAC
<LI><a href="#[2f8]">&gt;&gt;</a>&nbsp;&nbsp;&nbsp;generate_subkey
</UL>

<P><STRONG><a name="[254]"></a>sm_CMAC</STRONG> (Thumb, 340 bytes, Stack size 64 bytes, sm_mgr.o(i.sm_CMAC))
<BR><BR>[Stack]<UL><LI>Max Depth = 108<LI>Call Chain = sm_CMAC &rArr; generate_subkey &rArr; xor_128
</UL>
<BR>[Calls]<UL><LI><a href="#[17f]">&gt;&gt;</a>&nbsp;&nbsp;&nbsp;osal_memcpy (via Veneer)
<LI><a href="#[18c]">&gt;&gt;</a>&nbsp;&nbsp;&nbsp;osal_memset (via Veneer)
<LI><a href="#[206]">&gt;&gt;</a>&nbsp;&nbsp;&nbsp;osal_mem_free (via Veneer)
<LI><a href="#[18b]">&gt;&gt;</a>&nbsp;&nbsp;&nbsp;osal_mem_alloc (via Veneer)
<LI><a href="#[2fb]">&gt;&gt;</a>&nbsp;&nbsp;&nbsp;xor_128
<LI><a href="#[2f9]">&gt;&gt;</a>&nbsp;&nbsp;&nbsp;smEncryptLocal
<LI><a href="#[2f8]">&gt;&gt;</a>&nbsp;&nbsp;&nbsp;generate_subkey
</UL>
<BR>[Called By]<UL><LI><a href="#[1de]">&gt;&gt;</a>&nbsp;&nbsp;&nbsp;SM_VerifyAuthenSig
<LI><a href="#[250]">&gt;&gt;</a>&nbsp;&nbsp;&nbsp;SM_GenerateAuthenSig
</UL>

<P><STRONG><a name="[387]"></a>sm_xor</STRONG> (Thumb, 26 bytes, Stack size 8 bytes, sm_mgr.o(i.sm_xor))
<BR><BR>[Stack]<UL><LI>Max Depth = 8<LI>Call Chain = sm_xor
</UL>
<BR>[Called By]<UL><LI><a href="#[386]">&gt;&gt;</a>&nbsp;&nbsp;&nbsp;sm_c1new
</UL>

<P><STRONG><a name="[2fb]"></a>xor_128</STRONG> (Thumb, 22 bytes, Stack size 12 bytes, sm_mgr.o(i.xor_128))
<BR><BR>[Stack]<UL><LI>Max Depth = 12<LI>Call Chain = xor_128
</UL>
<BR>[Called By]<UL><LI><a href="#[254]">&gt;&gt;</a>&nbsp;&nbsp;&nbsp;sm_CMAC
<LI><a href="#[2f8]">&gt;&gt;</a>&nbsp;&nbsp;&nbsp;generate_subkey
</UL>

<P><STRONG><a name="[35e]"></a>smFreePairingParams</STRONG> (Thumb, 88 bytes, Stack size 16 bytes, sm_pairing.o(i.smFreePairingParams))
<BR><BR>[Stack]<UL><LI>Max Depth = 32<LI>Call Chain = smFreePairingParams &rArr; smStopRspTimer
</UL>
<BR>[Calls]<UL><LI><a href="#[206]">&gt;&gt;</a>&nbsp;&nbsp;&nbsp;osal_mem_free (via Veneer)
<LI><a href="#[35f]">&gt;&gt;</a>&nbsp;&nbsp;&nbsp;smStopRspTimer
</UL>
<BR>[Called By]<UL><LI><a href="#[47]">&gt;&gt;</a>&nbsp;&nbsp;&nbsp;smLinkCheck
<LI><a href="#[35d]">&gt;&gt;</a>&nbsp;&nbsp;&nbsp;smEndPairing
</UL>

<P><STRONG><a name="[363]"></a>smSetPairingReqRsp</STRONG> (Thumb, 58 bytes, Stack size 16 bytes, sm_pairing.o(i.smSetPairingReqRsp))
<BR><BR>[Stack]<UL><LI>Max Depth = 24<LI>Call Chain = smSetPairingReqRsp &rArr; smUint8ToAuthReq
</UL>
<BR>[Calls]<UL><LI><a href="#[18c]">&gt;&gt;</a>&nbsp;&nbsp;&nbsp;osal_memset (via Veneer)
<LI><a href="#[382]">&gt;&gt;</a>&nbsp;&nbsp;&nbsp;smUint8ToAuthReq
</UL>
<BR>[Called By]<UL><LI><a href="#[385]">&gt;&gt;</a>&nbsp;&nbsp;&nbsp;sm_c1
<LI><a href="#[362]">&gt;&gt;</a>&nbsp;&nbsp;&nbsp;smGeneratePairingReqRsp
</UL>

<P><STRONG><a name="[377]"></a>smpProcessIncoming</STRONG> (Thumb, 72 bytes, Stack size 16 bytes, sm_pairing.o(i.smpProcessIncoming))
<BR><BR>[Stack]<UL><LI>Max Depth = 16<LI>Call Chain = smpProcessIncoming
</UL>
<BR>[Calls]<UL><LI><a href="#[212]">&gt;&gt;</a>&nbsp;&nbsp;&nbsp;linkDB_Find
</UL>
<BR>[Called By]<UL><LI><a href="#[36c]">&gt;&gt;</a>&nbsp;&nbsp;&nbsp;smProcessDataMsg
</UL>

<P><STRONG><a name="[123]"></a>_fp_digits</STRONG> (Thumb, 344 bytes, Stack size 64 bytes, printfa.o(i._fp_digits), UNUSED)
<BR><BR>[Calls]<UL><LI><a href="#[b1]">&gt;&gt;</a>&nbsp;&nbsp;&nbsp;__aeabi_ddiv
<LI><a href="#[b0]">&gt;&gt;</a>&nbsp;&nbsp;&nbsp;__aeabi_dmul
<LI><a href="#[aa]">&gt;&gt;</a>&nbsp;&nbsp;&nbsp;__aeabi_dadd
<LI><a href="#[bd]">&gt;&gt;</a>&nbsp;&nbsp;&nbsp;__aeabi_d2ulz
<LI><a href="#[124]">&gt;&gt;</a>&nbsp;&nbsp;&nbsp;__aeabi_cdrcmple
<LI><a href="#[9c]">&gt;&gt;</a>&nbsp;&nbsp;&nbsp;__aeabi_uldivmod
</UL>
<BR>[Called By]<UL><LI><a href="#[fe]">&gt;&gt;</a>&nbsp;&nbsp;&nbsp;_printf_core
</UL>

<P><STRONG><a name="[fe]"></a>_printf_core</STRONG> (Thumb, 1754 bytes, Stack size 128 bytes, printfa.o(i._printf_core), UNUSED)
<BR><BR>[Calls]<UL><LI><a href="#[fb]">&gt;&gt;</a>&nbsp;&nbsp;&nbsp;__aeabi_uidivmod (via Veneer)
<LI><a href="#[126]">&gt;&gt;</a>&nbsp;&nbsp;&nbsp;_printf_pre_padding
<LI><a href="#[127]">&gt;&gt;</a>&nbsp;&nbsp;&nbsp;_printf_post_padding
<LI><a href="#[123]">&gt;&gt;</a>&nbsp;&nbsp;&nbsp;_fp_digits
<LI><a href="#[9c]">&gt;&gt;</a>&nbsp;&nbsp;&nbsp;__aeabi_uldivmod
</UL>
<BR>[Called By]<UL><LI><a href="#[100]">&gt;&gt;</a>&nbsp;&nbsp;&nbsp;__0vsnprintf
<LI><a href="#[ff]">&gt;&gt;</a>&nbsp;&nbsp;&nbsp;__0sprintf
<LI><a href="#[fd]">&gt;&gt;</a>&nbsp;&nbsp;&nbsp;__0snprintf
</UL>

<P><STRONG><a name="[127]"></a>_printf_post_padding</STRONG> (Thumb, 32 bytes, Stack size 24 bytes, printfa.o(i._printf_post_padding), UNUSED)
<BR><BR>[Called By]<UL><LI><a href="#[fe]">&gt;&gt;</a>&nbsp;&nbsp;&nbsp;_printf_core
</UL>

<P><STRONG><a name="[126]"></a>_printf_pre_padding</STRONG> (Thumb, 44 bytes, Stack size 40 bytes, printfa.o(i._printf_pre_padding), UNUSED)
<BR><BR>[Called By]<UL><LI><a href="#[fe]">&gt;&gt;</a>&nbsp;&nbsp;&nbsp;_printf_core
</UL>

<P><STRONG><a name="[10]"></a>_snputc</STRONG> (Thumb, 22 bytes, Stack size 0 bytes, printfa.o(i._snputc))
<BR>[Address Reference Count : 2]<UL><LI> printfa.o(i.__0vsnprintf)
<LI> printfa.o(i.__0snprintf)
</UL>
<P><STRONG><a name="[11]"></a>_sputc</STRONG> (Thumb, 10 bytes, Stack size 0 bytes, printfa.o(i._sputc))
<BR><BR>[Called By]<UL><LI><a href="#[ff]">&gt;&gt;</a>&nbsp;&nbsp;&nbsp;__0sprintf
</UL>
<BR>[Address Reference Count : 1]<UL><LI> printfa.o(i.__0sprintf)
</UL><P>
<H3>
Undefined Global Symbols
</H3><HR></body></html>
