<html>
<body>
<pre>
<h1>礦ision Build Log</h1>
<h2>Tool Versions:</h2>
IDE-Version: μVision V5.25.2.0
Copyright (C) 2018 ARM Ltd and ARM Germany GmbH. All rights reserved.
License Information: 1 chaoliao, 1, LIC=QF82M-X47MP-GK6BG-VNNGM-F98MB-C6GE2
 
Tool Versions:
Toolchain:       MDK-ARM Plus  Version: 5.25.2.0
Toolchain Path:  C:\Keil_v5\ARM\ARMCC\Bin
C Compiler:      Armcc.exe V5.06 update 6 (build 750)
Assembler:       Armasm.exe V5.06 update 6 (build 750)
Linker/Locator:  ArmLink.exe V5.06 update 6 (build 750)
Library Manager: ArmAr.exe V5.06 update 6 (build 750)
Hex Converter:   FromElf.exe V5.06 update 6 (build 750)
CPU DLL:         SARMCM3.DLL V5.25.2.0
Dialog DLL:      DARMCM1.DLL V1.19.1.0
Target DLL:      Segger\JL2CM3.dll V2.99.29.0
Dialog DLL:      TARMCM1.DLL V1.14.0.0
 
<h2>Project:</h2>
E:\DIY项目\涂鸦魔法棒\release_bbb_sdk-PHY62XX_SDK_3.1.1\example\tuya-ble-sdk-demo-project-phy6222-V2.1.2\simpleBlePeripheral\simpleBlePeripheral.uvprojx
Project File Date:  01/25/2022

<h2>Output:</h2>
*** Using Compiler 'V5.06 update 6 (build 750)', folder: 'C:\Keil_v5\ARM\ARMCC\Bin'
Rebuild target 'Target 1'
compiling tuya_ble_product_test_demo.c...
compiling tuya_ble_bulk_data_demo.c...
compiling tuya_ble_sdk_demo.c...
compiling tuya_ble_utils.c...
compiling tuya_ble_sdk_test.c...
compiling tuya_ble_heap.c...
compiling tuya_ble_api.c...
compiling tuya_ble_unix_time.c...
compiling tuya_ble_main.c...
compiling tuya_ble_queue.c...
compiling tuya_ble_mem.c...
compiling tuya_ble_event.c...
compiling tuya_ble_bulk_data.c...
compiling tuya_ble_storage.c...
compiling tuya_ble_event_handler_weak.c...
compiling tuya_ble_data_handler.c...
compiling tuya_ble_mutli_tsf_protocol.c...
compiling tuya_ble_gatt_send_queue.c...
compiling tuya_ble_event_handler.c...
compiling tuya_ble_feature_weather.c...
compiling tuya_ble_app_uart_common_handler.c...
compiling ty_key_press.c...
compiling ty_oled.c...
compiling ty_util.c...
compiling tuya_ble_app_production_test.c...
compiling elog_async.c...
compiling aes.c...
compiling md5.c...
compiling elog_utils.c...
compiling elog_buf.c...
compiling elog.c...
compiling sha256.c...
compiling sha1.c...
compiling elog_port.c...
compiling ty_ble_phy62xx.c...
compiling ty_uart_phy62xx.c...
compiling ty_i2c_phy62xx.c...
..\tuya_ble_sdk_demo\board\phy62xx\ty_board_phy62xx\ty_i2c_phy62xx.c(212): warning:  #111-D: statement is unreachable
      return 0;
..\tuya_ble_sdk_demo\board\phy62xx\ty_board_phy62xx\ty_i2c_phy62xx.c: 1 warning, 0 errors
compiling ty_spi_phy62xx.c...
compiling ty_adc_phy62xx.c...
compiling ty_pwm_phy62xx.c...
compiling ty_pin_phy62xx.c...
compiling ty_timer_phy62xx.c...
compiling ty_rtc_phy62xx.c...
compiling ty_flash_phy62xx.c...
compiling ty_system_phy62xx.c...
compiling tuya_ble_ota.c...
compiling tuya_ble_port_phy62xx.c...
compiling uart.c...
compiling main.c...
main.c(254): warning:  #1-D: last line of file ends without a newline
  //  *.o (RESET, +First)
main.c: 1 warning, 0 errors
compiling clock.c...
compiling timer.c...
compiling gpio.c...
compiling pwrmgr.c...
..\..\..\components\driver\pwrmgr\pwrmgr.c(63): warning:  #1215-D: #warning directive: "ENABLE LOW CURRENT LDO FOR SRAM RETENTION !!!"
      #warning "ENABLE LOW CURRENT LDO FOR SRAM RETENTION !!!"
..\..\..\components\driver\pwrmgr\pwrmgr.c: 1 warning, 0 errors
compiling key.c...
compiling my_printf.c...
compiling osal_snv.c...
compiling pwm.c...
compiling flash.c...
compiling gap.c...
compiling i2c.c...
compiling gapgattserver.c...
compiling adc.c...
compiling peripheral.c...
compiling spi.c...
compiling SimpleBLEPeripheral_Main.c...
compiling tuya_ble_service.c...
compiling jump_table.c...
compiling OSAL_SimpleBLEPeripheral.c...
compiling gattservapp.c...
compiling tuya_net_proc.c...
..\tuya_ble_sdk_demo\tuya_ble_sdk\tuya_net_proc.c(183): warning:  #167-D: argument of type "VOID_T (*)(void)" is incompatible with parameter of type "tuya_ble_timer_handler_t"
      tuya_ble_timer_create(&wait_bind_timer, WAIT_BIND_TIME_MS, TUYA_BLE_TIMER_SINGLE_SHOT, __wait_bind_timer_cb);
..\tuya_ble_sdk_demo\tuya_ble_sdk\tuya_net_proc.c: 1 warning, 0 errors
compiling inv_mpu.c...
compiling simpleBLEPeripheral.c...
compiling inv_mpu_dmp_motion_driver.c...
compiling tuya_gesture_controller.c...
compiling tuya_mpu6050.c...
compiling tuya_gesture_rec.c...
assembling startup_ARMCM0.s...
compiling tuya_imu_daq.c...
..\tuya_ble_sdk_demo\components\inv_mpu_driver\tuya_imu_daq.c(77): warning:  #167-D: argument of type "VOID_T (*)(void)" is incompatible with parameter of type "tuya_ble_timer_handler_t"
      tuya_ble_timer_create(&daq_timer, DAQ_TIME_MS, TUYA_BLE_TIMER_REPEATED, __new_data_ready_cb);
..\tuya_ble_sdk_demo\components\inv_mpu_driver\tuya_imu_daq.c: 1 warning, 0 errors
compiling tuya_svc_angle_calc.c...
compiling tuya_key.c...
..\tuya_ble_sdk_demo\components\inv_mpu_driver\tuya_key.c(100): warning:  #167-D: argument of type "VOID_T (*)(void)" is incompatible with parameter of type "tuya_ble_timer_handler_t"
          tuya_ble_timer_create(&key_timer, KEY_SCAN_CYCLE_MS, TUYA_BLE_TIMER_REPEATED, __key_timer_cb);
..\tuya_ble_sdk_demo\components\inv_mpu_driver\tuya_key.c(125): warning:  #167-D: argument of type "VOID_T (*)(void)" is incompatible with parameter of type "tuya_ble_timer_handler_t"
      tuya_ble_timer_create(&key_timer, KEY_SCAN_CYCLE_MS, TUYA_BLE_TIMER_REPEATED, __key_timer_cb);
..\tuya_ble_sdk_demo\components\inv_mpu_driver\tuya_key.c: 2 warnings, 0 errors
compiling tuya_led.c...
..\tuya_ble_sdk_demo\components\inv_mpu_driver\tuya_led.c(113): warning:  #167-D: argument of type "VOID_T (*)(void)" is incompatible with parameter of type "tuya_ble_timer_handler_t"
          tuya_ble_timer_create(&led_timer, LED_TIMER_VAL_MS, TUYA_BLE_TIMER_REPEATED, __led_timer_cb);
..\tuya_ble_sdk_demo\components\inv_mpu_driver\tuya_led.c(138): warning:  #167-D: argument of type "VOID_T (*)(void)" is incompatible with parameter of type "tuya_ble_timer_handler_t"
      tuya_ble_timer_create(&led_timer, LED_TIMER_VAL_MS, TUYA_BLE_TIMER_REPEATED, __led_timer_cb);
..\tuya_ble_sdk_demo\components\inv_mpu_driver\tuya_led.c: 2 warnings, 0 errors
compiling tuya_gpio_PHY6222.c...
compiling system_ARMCM0.c...
linking...
.\scatter_load.sct(44): warning: L6314W: No section matches pattern elog_async.o(RO).
.\scatter_load.sct(45): warning: L6314W: No section matches pattern elog_buf.o(RO).
.\scatter_load.sct(46): warning: L6314W: No section matches pattern elog_util.o(RO).
.\scatter_load.sct(95): warning: L6329W: Pattern inv_mpu_dmp_motion_driver.o(RO) only matches removed unused sections.
.\scatter_load.sct(96): warning: L6329W: Pattern inv_mpu.o(RO) only matches removed unused sections.
Program Size: Code=125208 RO-data=27356 RW-data=3496 ZI-data=26228  
Finished: 0 information, 5 warning and 0 error messages.
FromELF: creating hex file...
After Build - User command #1: fromelf.exe .\Objects\simpleBlePeripheral.axf --i32combined --output .\bin\simpleBlePeripheral.hex
After Build - User command #2: .\bin\material\mk_hexf_bin.bat
E:\DIY项目\涂鸦魔法棒\release_bbb_sdk-PHY62XX_SDK_3.1.1\example\tuya-ble-sdk-demo-project-phy6222-V2.1.2\simpleBlePeripheral>.\bin\material\PhyPlusKit_v2.5.2a.exe -c -p .\bin\simpleBlePeripheral.hex -b ..\..\OTA\slboot\bin\slboot.hex -m SN -v 6222 
E:\DIY项目\涂鸦魔法棒\release_bbb_sdk-PHY62XX_SDK_3.1.1\example\tuya-ble-sdk-demo-project-phy6222-V2.1.2\simpleBlePeripheral>python .\bin\material\ooo_bin.py .\bin\simpleBlePeripheral_phy6222.hex16 
Traceback (most recent call last):
  File ".\bin\material\ooo_bin.py", line 2, in <module>
    from intelhex import IntelHex
ModuleNotFoundError: No module named 'intelhex'
".\Objects\simpleBlePeripheral.axf" - 0 Error(s), 14 Warning(s).

<h2>Software Packages used:</h2>

Package Vendor: ARM
                http://www.keil.com/pack/ARM.CMSIS.5.3.0.pack
                ARM.CMSIS.5.3.0
                CMSIS (Cortex Microcontroller Software Interface Standard)
   * Component: CORE Version: 5.1.1
   * Component: Startup Version: 1.0.1

<h2>Collection of Component include folders:</h2>
  .\RTE\_Target_1
  C:\Keil_v5\ARM\PACK\ARM\CMSIS\5.3.0\CMSIS\Include
  C:\Keil_v5\ARM\PACK\ARM\CMSIS\5.3.0\Device\ARM\ARMCM0\Include

<h2>Collection of Component Files used:</h2>

   * Component: ARM::CMSIS:CORE:5.1.1

   * Component: ARM::Device:Startup:1.0.1
      Source file:   Device\ARM\ARMCM0\Source\system_ARMCM0.c
      Include file:  Device\ARM\ARMCM0\Include\ARMCM0.h
      Source file:   Device\ARM\ARMCM0\Source\ARM\startup_ARMCM0.s
Build Time Elapsed:  00:00:14
</pre>
</body>
</html>
